Component: ARM Compiler 5.05 update 1 (build 106) Tool: armlink [4d0efa]

==============================================================================

Section Cross References

    main.o(i.main) refers to system_stm32f10x.o(i.SystemInit) for SystemInit
    main.o(i.main) refers to delay.o(i.delay_init) for delay_init
    main.o(i.main) refers to timer.o(i.TIM3_Int_Init) for TIM3_Int_Init
    main.o(i.main) refers to lcd_driver.o(i.LCD_Init) for LCD_Init
    main.o(i.main) refers to key.o(i.keyInit) for keyInit
    main.o(i.main) refers to voice.o(i.signalGatherInit) for signalGatherInit
    main.o(i.main) refers to voice.o(i.displayFLineAndVWaveInit) for displayFLineAndVWaveInit
    main.o(i.main) refers to voice.o(i.dsp) for dsp
    main.o(i.main) refers to voice.o(i.displayFLineAndVWave) for displayFLineAndVWave
    main.o(i.main) refers to timer.o(i.getTime10MsFlag) for getTime10MsFlag
    main.o(i.main) refers to key.o(i.keyProcess) for keyProcess
    main.o(i.main) refers to timer.o(i.getTime) for getTime
    main.o(i.main) refers to key.o(.data) for key
    main.o(i.main) refers to main.o(.data) for .data
    voice.o(i.GetPowerMag) refers to voice.o(i.intSqrt) for intSqrt
    voice.o(i.GetPowerMag) refers to voice.o(.bss) for .bss
    voice.o(i.InitBufInArray) refers to dflt_clz.o(x$fpl$dfltu) for __aeabi_ui2d
    voice.o(i.InitBufInArray) refers to dmul.o(x$fpl$dmul) for __aeabi_dmul
    voice.o(i.InitBufInArray) refers to ddiv.o(x$fpl$ddiv) for __aeabi_ddiv
    voice.o(i.InitBufInArray) refers to sin.o(i.sin) for sin
    voice.o(i.InitBufInArray) refers to daddsub_clz.o(x$fpl$dadd) for __aeabi_dadd
    voice.o(i.InitBufInArray) refers to d2f.o(x$fpl$d2f) for __aeabi_d2f
    voice.o(i.InitBufInArray) refers to ffix.o(x$fpl$ffix) for __aeabi_f2iz
    voice.o(i.InitBufInArray) refers to voice.o(.bss) for .bss
    voice.o(i.displayFLineAndVWave) refers to voice.o(i.drawPoint) for drawPoint
    voice.o(i.displayFLineAndVWave) refers to voice.o(i.drawVerLine) for drawVerLine
    voice.o(i.displayFLineAndVWave) refers to voice.o(.bss) for .bss
    voice.o(i.displayFLineAndVWaveInit) refers to lcd_driver.o(i.LCD_Clear) for LCD_Clear
    voice.o(i.displayFLineAndVWaveInit) refers to lcd_ex.o(i.LCD_Scan_Dir) for LCD_Scan_Dir
    voice.o(i.displayFLineAndVWaveInit) refers to lcd_driver.o(i.LCD_SetCursor) for LCD_SetCursor
    voice.o(i.displayFLineAndVWaveInit) refers to lcd_driver.o(i.LCD_WriteRAM_Prepare) for LCD_WriteRAM_Prepare
    voice.o(i.drawPoint) refers to lcd_driver.o(i.LCD_SetCursor) for LCD_SetCursor
    voice.o(i.drawVerLine) refers to lcd_driver.o(i.LCD_SetCursor) for LCD_SetCursor
    voice.o(i.drawVerLine) refers to lcd_driver.o(i.LCD_WriteRAM_Prepare) for LCD_WriteRAM_Prepare
    voice.o(i.dsp) refers to stm32f10x_dma.o(i.DMA_GetCurrDataCounter) for DMA_GetCurrDataCounter
    voice.o(i.dsp) refers to cr4_fft_1024_stm32.o(.text) for cr4_fft_1024_stm32
    voice.o(i.dsp) refers to voice.o(i.GetPowerMag) for GetPowerMag
    voice.o(i.dsp) refers to voice.o(.bss) for .bss
    voice.o(i.frequencyLinePlay) refers to lcd_ex.o(i.LCD_drawVerLine) for LCD_drawVerLine
    voice.o(i.frequencyLinePlay) refers to voice.o(.bss) for .bss
    voice.o(i.frequencyLinePlay) refers to lcd_driver.o(.data) for POINT_COLOR
    voice.o(i.signalGatherInit) refers to adc_dma.o(i.ADC1_DMAInit) for ADC1_DMAInit
    voice.o(i.signalGatherInit) refers to voice.o(.bss) for .bss
    lcd_driver.o(i.LCD_Clear) refers to lcd_driver.o(i.LCD_SetWindows) for LCD_SetWindows
    lcd_driver.o(i.LCD_Clear) refers to lcd_driver.o(.bss) for .bss
    lcd_driver.o(i.LCD_DrawPoint) refers to lcd_driver.o(i.LCD_SetCursor) for LCD_SetCursor
    lcd_driver.o(i.LCD_DrawPoint) refers to lcd_driver.o(i.LCD_WR_DATA) for LCD_WR_DATA
    lcd_driver.o(i.LCD_DrawPoint) refers to lcd_driver.o(.data) for .data
    lcd_driver.o(i.LCD_DrawPoint_16Bit) refers to lcd_driver.o(i.LCD_WR_DATA) for LCD_WR_DATA
    lcd_driver.o(i.LCD_GPIOInit) refers to stm32f10x_rcc.o(i.RCC_AHBPeriphClockCmd) for RCC_AHBPeriphClockCmd
    lcd_driver.o(i.LCD_GPIOInit) refers to stm32f10x_rcc.o(i.RCC_APB2PeriphClockCmd) for RCC_APB2PeriphClockCmd
    lcd_driver.o(i.LCD_GPIOInit) refers to stm32f10x_gpio.o(i.GPIO_Init) for GPIO_Init
    lcd_driver.o(i.LCD_GPIOInit) refers to stm32f10x_fsmc.o(i.FSMC_NORSRAMInit) for FSMC_NORSRAMInit
    lcd_driver.o(i.LCD_GPIOInit) refers to stm32f10x_fsmc.o(i.FSMC_NORSRAMCmd) for FSMC_NORSRAMCmd
    lcd_driver.o(i.LCD_Init) refers to lcd_driver.o(i.LCD_GPIOInit) for LCD_GPIOInit
    lcd_driver.o(i.LCD_Init) refers to lcd_driver.o(i.LCD_RESET) for LCD_RESET
    lcd_driver.o(i.LCD_Init) refers to lcd_driver.o(i.LCD_WR_REG) for LCD_WR_REG
    lcd_driver.o(i.LCD_Init) refers to lcd_driver.o(i.LCD_WR_DATA) for LCD_WR_DATA
    lcd_driver.o(i.LCD_Init) refers to delay.o(i.delay_ms) for delay_ms
    lcd_driver.o(i.LCD_Init) refers to lcd_driver.o(i.LCD_SetParam) for LCD_SetParam
[...]
    Removing stm32f10x_rcc.o(i.RCC_PLLCmd), (12 bytes).
    Removing stm32f10x_rcc.o(i.RCC_PLLConfig), (20 bytes).
    Removing stm32f10x_rcc.o(i.RCC_RTCCLKCmd), (12 bytes).
    Removing stm32f10x_rcc.o(i.RCC_RTCCLKConfig), (16 bytes).
    Removing stm32f10x_rcc.o(i.RCC_SYSCLKConfig), (20 bytes).
    Removing stm32f10x_rcc.o(i.RCC_USBCLKConfig), (12 bytes).
    Removing stm32f10x_rcc.o(i.RCC_WaitForHSEStartUp), (48 bytes).
    Removing stm32f10x_rcc.o(.data), (20 bytes).
    Removing stm32f10x_spi.o(.rev16_text), (4 bytes).
    Removing stm32f10x_spi.o(.revsh_text), (4 bytes).
    Removing stm32f10x_spi.o(.rrx_text), (6 bytes).
    Removing stm32f10x_spi.o(i.I2S_Cmd), (24 bytes).
    Removing stm32f10x_spi.o(i.I2S_Init), (168 bytes).
    Removing stm32f10x_spi.o(i.I2S_StructInit), (18 bytes).
    Removing stm32f10x_spi.o(i.SPI_BiDirectionalLineConfig), (26 bytes).
    Removing stm32f10x_spi.o(i.SPI_CalculateCRC), (24 bytes).
    Removing stm32f10x_spi.o(i.SPI_Cmd), (24 bytes).
    Removing stm32f10x_spi.o(i.SPI_DataSizeConfig), (16 bytes).
    Removing stm32f10x_spi.o(i.SPI_GetCRC), (12 bytes).
    Removing stm32f10x_spi.o(i.SPI_GetCRCPolynomial), (4 bytes).
    Removing stm32f10x_spi.o(i.SPI_I2S_ClearFlag), (6 bytes).
    Removing stm32f10x_spi.o(i.SPI_I2S_ClearITPendingBit), (14 bytes).
    Removing stm32f10x_spi.o(i.SPI_I2S_DMACmd), (20 bytes).
    Removing stm32f10x_spi.o(i.SPI_I2S_DeInit), (100 bytes).
    Removing stm32f10x_spi.o(i.SPI_I2S_GetFlagStatus), (14 bytes).
    Removing stm32f10x_spi.o(i.SPI_I2S_GetITStatus), (44 bytes).
    Removing stm32f10x_spi.o(i.SPI_I2S_ITConfig), (28 bytes).
    Removing stm32f10x_spi.o(i.SPI_I2S_ReceiveData), (4 bytes).
    Removing stm32f10x_spi.o(i.SPI_I2S_SendData), (4 bytes).
    Removing stm32f10x_spi.o(i.SPI_Init), (56 bytes).
    Removing stm32f10x_spi.o(i.SPI_NSSInternalSoftwareConfig), (28 bytes).
    Removing stm32f10x_spi.o(i.SPI_SSOutputCmd), (24 bytes).
    Removing stm32f10x_spi.o(i.SPI_StructInit), (24 bytes).
    Removing stm32f10x_spi.o(i.SPI_TransmitCRC), (10 bytes).
    Removing stm32f10x_tim.o(.rev16_text), (4 bytes).
    Removing stm32f10x_tim.o(.revsh_text), (4 bytes).
    Removing stm32f10x_tim.o(.rrx_text), (6 bytes).
    Removing stm32f10x_tim.o(i.TI1_Config), (116 bytes).
    Removing stm32f10x_tim.o(i.TI2_Config), (124 bytes).
    Removing stm32f10x_tim.o(i.TI3_Config), (120 bytes).
    Removing stm32f10x_tim.o(i.TI4_Config), (124 bytes).
    Removing stm32f10x_tim.o(i.TIM_ARRPreloadConfig), (24 bytes).
    Removing stm32f10x_tim.o(i.TIM_BDTRConfig), (34 bytes).
    Removing stm32f10x_tim.o(i.TIM_BDTRStructInit), (18 bytes).
    Removing stm32f10x_tim.o(i.TIM_CCPreloadControl), (24 bytes).
    Removing stm32f10x_tim.o(i.TIM_CCxCmd), (22 bytes).
    Removing stm32f10x_tim.o(i.TIM_CCxNCmd), (22 bytes).
    Removing stm32f10x_tim.o(i.TIM_ClearFlag), (6 bytes).
    Removing stm32f10x_tim.o(i.TIM_ClearOC1Ref), (12 bytes).
    Removing stm32f10x_tim.o(i.TIM_ClearOC2Ref), (20 bytes).
    Removing stm32f10x_tim.o(i.TIM_ClearOC3Ref), (12 bytes).
    Removing stm32f10x_tim.o(i.TIM_ClearOC4Ref), (20 bytes).
    Removing stm32f10x_tim.o(i.TIM_CounterModeConfig), (12 bytes).
    Removing stm32f10x_tim.o(i.TIM_CtrlPWMOutputs), (28 bytes).
    Removing stm32f10x_tim.o(i.TIM_DMACmd), (20 bytes).
    Removing stm32f10x_tim.o(i.TIM_DMAConfig), (8 bytes).
    Removing stm32f10x_tim.o(i.TIM_DeInit), (528 bytes).
    Removing stm32f10x_tim.o(i.TIM_ETRClockMode1Config), (32 bytes).
    Removing stm32f10x_tim.o(i.TIM_ETRClockMode2Config), (20 bytes).
    Removing stm32f10x_tim.o(i.TIM_ETRConfig), (24 bytes).
    Removing stm32f10x_tim.o(i.TIM_EncoderInterfaceConfig), (50 bytes).
    Removing stm32f10x_tim.o(i.TIM_ForcedOC1Config), (12 bytes).
    Removing stm32f10x_tim.o(i.TIM_ForcedOC2Config), (20 bytes).
    Removing stm32f10x_tim.o(i.TIM_ForcedOC3Config), (12 bytes).
    Removing stm32f10x_tim.o(i.TIM_ForcedOC4Config), (20 bytes).
    Removing stm32f10x_tim.o(i.TIM_GenerateEvent), (4 bytes).
    Removing stm32f10x_tim.o(i.TIM_GetCapture1), (4 bytes).
    Removing stm32f10x_tim.o(i.TIM_GetCapture2), (4 bytes).
    Removing stm32f10x_tim.o(i.TIM_GetCapture3), (4 bytes).
    Removing stm32f10x_tim.o(i.TIM_GetCapture4), (6 bytes).
    Removing stm32f10x_tim.o(i.TIM_GetCounter), (4 bytes).
    Removing stm32f10x_tim.o(i.TIM_GetFlagStatus), (14 bytes).
    Removing stm32f10x_tim.o(i.TIM_GetPrescaler), (4 bytes).
    Removing stm32f10x_tim.o(i.TIM_ICInit), (140 bytes).
    Removing stm32f10x_tim.o(i.TIM_ICStructInit), (16 bytes).
    Removing stm32f10x_tim.o(i.TIM_ITRxExternalClockConfig), (20 bytes).
    Removing stm32f10x_tim.o(i.TIM_InternalClockConfig), (10 bytes).
    Removing stm32f10x_tim.o(i.TIM_OC1FastConfig), (12 bytes).
    Removing stm32f10x_tim.o(i.TIM_OC1Init), (136 bytes).
    Removing stm32f10x_tim.o(i.TIM_OC1NPolarityConfig), (12 bytes).
    Removing stm32f10x_tim.o(i.TIM_OC1PolarityConfig), (12 bytes).
    Removing stm32f10x_tim.o(i.TIM_OC1PreloadConfig), (12 bytes).
    Removing stm32f10x_tim.o(i.TIM_OC2FastConfig), (20 bytes).
    Removing stm32f10x_tim.o(i.TIM_OC2Init), (136 bytes).
    Removing stm32f10x_tim.o(i.TIM_OC2NPolarityConfig), (20 bytes).
    Removing stm32f10x_tim.o(i.TIM_OC2PolarityConfig), (20 bytes).
    Removing stm32f10x_tim.o(i.TIM_OC2PreloadConfig), (20 bytes).
    Removing stm32f10x_tim.o(i.TIM_OC3FastConfig), (12 bytes).
    Removing stm32f10x_tim.o(i.TIM_OC3Init), (132 bytes).
    Removing stm32f10x_tim.o(i.TIM_OC3NPolarityConfig), (20 bytes).
    Removing stm32f10x_tim.o(i.TIM_OC3PolarityConfig), (20 bytes).
    Removing stm32f10x_tim.o(i.TIM_OC3PreloadConfig), (12 bytes).
    Removing stm32f10x_tim.o(i.TIM_OC4FastConfig), (20 bytes).
    Removing stm32f10x_tim.o(i.TIM_OC4Init), (104 bytes).
    Removing stm32f10x_tim.o(i.TIM_OC4PolarityConfig), (20 bytes).
    Removing stm32f10x_tim.o(i.TIM_OC4PreloadConfig), (20 bytes).
    Removing stm32f10x_tim.o(i.TIM_OCStructInit), (20 bytes).
    Removing stm32f10x_tim.o(i.TIM_PWMIConfig), (110 bytes).
    Removing stm32f10x_tim.o(i.TIM_PrescalerConfig), (6 bytes).
    Removing stm32f10x_tim.o(i.TIM_SelectCCDMA), (24 bytes).
    Removing stm32f10x_tim.o(i.TIM_SelectCOM), (24 bytes).
    Removing stm32f10x_tim.o(i.TIM_SelectHallSensor), (24 bytes).
    Removing stm32f10x_tim.o(i.TIM_SelectInputTrigger), (12 bytes).
    Removing stm32f10x_tim.o(i.TIM_SelectMasterSlaveMode), (16 bytes).
    Removing stm32f10x_tim.o(i.TIM_SelectOCxM), (76 bytes).
    Removing stm32f10x_tim.o(i.TIM_SelectOnePulseMode), (16 bytes).
    Removing stm32f10x_tim.o(i.TIM_SelectOutputTrigger), (16 bytes).
    Removing stm32f10x_tim.o(i.TIM_SelectSlaveMode), (16 bytes).
    Removing stm32f10x_tim.o(i.TIM_SetAutoreload), (4 bytes).
    Removing stm32f10x_tim.o(i.TIM_SetClockDivision), (16 bytes).
    Removing stm32f10x_tim.o(i.TIM_SetCompare1), (4 bytes).
    Removing stm32f10x_tim.o(i.TIM_SetCompare2), (4 bytes).
    Removing stm32f10x_tim.o(i.TIM_SetCompare3), (4 bytes).
    Removing stm32f10x_tim.o(i.TIM_SetCompare4), (6 bytes).
    Removing stm32f10x_tim.o(i.TIM_SetCounter), (4 bytes).
    Removing stm32f10x_tim.o(i.TIM_SetIC1Prescaler), (16 bytes).
    Removing stm32f10x_tim.o(i.TIM_SetIC2Prescaler), (24 bytes).
    Removing stm32f10x_tim.o(i.TIM_SetIC3Prescaler), (16 bytes).
    Removing stm32f10x_tim.o(i.TIM_SetIC4Prescaler), (24 bytes).
    Removing stm32f10x_tim.o(i.TIM_TIxExternalClockConfig), (48 bytes).
    Removing stm32f10x_tim.o(i.TIM_TimeBaseStructInit), (18 bytes).
    Removing stm32f10x_tim.o(i.TIM_UpdateDisableConfig), (24 bytes).
    Removing stm32f10x_tim.o(i.TIM_UpdateRequestConfig), (24 bytes).
    Removing stm32f10x_usart.o(.rev16_text), (4 bytes).
    Removing stm32f10x_usart.o(.revsh_text), (4 bytes).
    Removing stm32f10x_usart.o(.rrx_text), (6 bytes).
    Removing stm32f10x_usart.o(i.USART_ClearFlag), (8 bytes).
    Removing stm32f10x_usart.o(i.USART_ClearITPendingBit), (16 bytes).
    Removing stm32f10x_usart.o(i.USART_ClockInit), (30 bytes).
    Removing stm32f10x_usart.o(i.USART_ClockStructInit), (12 bytes).
    Removing stm32f10x_usart.o(i.USART_Cmd), (24 bytes).
    Removing stm32f10x_usart.o(i.USART_DMACmd), (20 bytes).
    Removing stm32f10x_usart.o(i.USART_DeInit), (164 bytes).
    Removing stm32f10x_usart.o(i.USART_GetFlagStatus), (14 bytes).
    Removing stm32f10x_usart.o(i.USART_HalfDuplexCmd), (24 bytes).
    Removing stm32f10x_usart.o(i.USART_ITConfig), (54 bytes).
    Removing stm32f10x_usart.o(i.USART_Init), (188 bytes).
    Removing stm32f10x_usart.o(i.USART_IrDACmd), (24 bytes).
    Removing stm32f10x_usart.o(i.USART_IrDAConfig), (16 bytes).
    Removing stm32f10x_usart.o(i.USART_LINBreakDetectLengthConfig), (16 bytes).
    Removing stm32f10x_usart.o(i.USART_LINCmd), (24 bytes).
    Removing stm32f10x_usart.o(i.USART_OneBitMethodCmd), (24 bytes).
    Removing stm32f10x_usart.o(i.USART_OverSampling8Cmd), (24 bytes).
    Removing stm32f10x_usart.o(i.USART_ReceiverWakeUpCmd), (24 bytes).
    Removing stm32f10x_usart.o(i.USART_SendBreak), (10 bytes).
    Removing stm32f10x_usart.o(i.USART_SendData), (8 bytes).
    Removing stm32f10x_usart.o(i.USART_SetAddress), (16 bytes).
    Removing stm32f10x_usart.o(i.USART_SetGuardTime), (16 bytes).
    Removing stm32f10x_usart.o(i.USART_SetPrescaler), (16 bytes).
    Removing stm32f10x_usart.o(i.USART_SmartCardCmd), (24 bytes).
    Removing stm32f10x_usart.o(i.USART_SmartCardNACKCmd), (24 bytes).
    Removing stm32f10x_usart.o(i.USART_StructInit), (22 bytes).
    Removing stm32f10x_usart.o(i.USART_WakeUpConfig), (16 bytes).
    Removing dma_stm32f10x.o(.rev16_text), (4 bytes).
    Removing dma_stm32f10x.o(.revsh_text), (4 bytes).
    Removing dma_stm32f10x.o(.rrx_text), (6 bytes).
    Removing dma_stm32f10x.o(i.DMA2_Channel4_IRQHandler), (28 bytes).
    Removing dma_stm32f10x.o(i.DMA_ChannelInitialize), (376 bytes).
    Removing dma_stm32f10x.o(i.DMA_ChannelUninitialize), (280 bytes).
    Removing dma_stm32f10x.o(i.NVIC_ClearPendingIRQ), (22 bytes).
    Removing dma_stm32f10x.o(i.NVIC_DisableIRQ), (22 bytes).
    Removing dma_stm32f10x.o(i.NVIC_EnableIRQ), (22 bytes).
    Removing dma_stm32f10x.o(.data), (2 bytes).
    Removing gpio_stm32f10x.o(.rev16_text), (4 bytes).
    Removing gpio_stm32f10x.o(.revsh_text), (4 bytes).
    Removing gpio_stm32f10x.o(.rrx_text), (6 bytes).
    Removing gpio_stm32f10x.o(i.GPIO_AFConfigure), (72 bytes).
    Removing gpio_stm32f10x.o(i.GPIO_GetPortClockState), (136 bytes).
    Removing gpio_stm32f10x.o(i.GPIO_PinConfigure), (102 bytes).
    Removing gpio_stm32f10x.o(i.GPIO_PortClock), (260 bytes).
    Removing system_stm32f10x.o(.rev16_text), (4 bytes).
    Removing system_stm32f10x.o(.revsh_text), (4 bytes).
    Removing system_stm32f10x.o(.rrx_text), (6 bytes).
    Removing system_stm32f10x.o(i.SystemCoreClockUpdate), (124 bytes).

404 unused section(s) (total 25542 bytes) removed from the image.

==============================================================================

Image Symbol Table

    Local Symbols

    Symbol Name                              Value     Ov Type        Size  Object(Section)

    ../clib/angel/boardlib.s                 0x00000000   Number         0  boardinit2.o ABSOLUTE
    ../clib/angel/boardlib.s                 0x00000000   Number         0  boardshut.o ABSOLUTE
    ../clib/angel/boardlib.s                 0x00000000   Number         0  boardinit3.o ABSOLUTE
    ../clib/angel/boardlib.s                 0x00000000   Number         0  boardinit1.o ABSOLUTE
    ../clib/angel/handlers.s                 0x00000000   Number         0  __scatter_zi.o ABSOLUTE
    ../clib/angel/handlers.s                 0x00000000   Number         0  __scatter_copy.o ABSOLUTE
    ../clib/angel/kernel.s                   0x00000000   Number         0  rtexit2.o ABSOLUTE
    ../clib/angel/kernel.s                   0x00000000   Number         0  __rtentry2.o ABSOLUTE
    ../clib/angel/kernel.s                   0x00000000   Number         0  rtexit.o ABSOLUTE
    ../clib/angel/kernel.s                   0x00000000   Number         0  __rtentry.o ABSOLUTE
    ../clib/angel/kernel.s                   0x00000000   Number         0  __rtentry4.o ABSOLUTE
    ../clib/angel/rt.s                       0x00000000   Number         0  rt_raise.o ABSOLUTE
    ../clib/angel/rt.s                       0x00000000   Number         0  rt_errno_addr_intlibspace.o ABSOLUTE
    ../clib/angel/rt.s                       0x00000000   Number         0  rt_errno_addr.o ABSOLUTE
    ../clib/angel/scatter.s                  0x00000000   Number         0  __scatter.o ABSOLUTE
    ../clib/angel/startup.s                  0x00000000   Number         0  __main.o ABSOLUTE
    ../clib/angel/sys.s                      0x00000000   Number         0  sys_stackheap_outer.o ABSOLUTE
    ../clib/angel/sys.s                      0x00000000   Number         0  use_no_semi_2.o ABSOLUTE
    ../clib/angel/sys.s                      0x00000000   Number         0  use_no_semi.o ABSOLUTE
    ../clib/angel/sys.s                      0x00000000   Number         0  indicate_semi.o ABSOLUTE
    ../clib/angel/sys.s                      0x00000000   Number         0  libspace.o ABSOLUTE
    ../clib/angel/sysapp.c                   0x00000000   Number         0  sys_command.o ABSOLUTE
    ../clib/angel/sysapp.c                   0x00000000   Number         0  sys_wrch.o ABSOLUTE
    ../clib/armsys.c                         0x00000000   Number         0  no_argv.o ABSOLUTE
    ../clib/armsys.c                         0x00000000   Number         0  _get_argv_nomalloc.o ABSOLUTE
    ../clib/armsys.c                         0x00000000   Number         0  argv_veneer.o ABSOLUTE
    ../clib/armsys.c                         0x00000000   Number         0  argv_veneer.o ABSOLUTE
    ../clib/fenv.c                           0x00000000   Number         0  _rserrno.o ABSOLUTE
    ../clib/heapalloc.c                      0x00000000   Number         0  hrguard.o ABSOLUTE
    ../clib/heapaux.c                        0x00000000   Number         0  heapauxi.o ABSOLUTE
    ../clib/libinit.s                        0x00000000   Number         0  libshutdown.o ABSOLUTE
    ../clib/libinit.s                        0x00000000   Number         0  libshutdown2.o ABSOLUTE
    ../clib/libinit.s                        0x00000000   Number         0  libinit2.o ABSOLUTE
    ../clib/libinit.s                        0x00000000   Number         0  libinit.o ABSOLUTE
    ../clib/signal.c                         0x00000000   Number         0  defsig_rtmem_outer.o ABSOLUTE
    ../clib/signal.c                         0x00000000   Number         0  defsig_segv_inner.o ABSOLUTE
    ../clib/signal.c                         0x00000000   Number         0  defsig_other.o ABSOLUTE
    ../clib/signal.c                         0x00000000   Number         0  defsig_rtmem_inner.o ABSOLUTE
    ../clib/signal.c                         0x00000000   Number         0  defsig_rtmem_formal.o ABSOLUTE
    ../clib/signal.c                         0x00000000   Number         0  defsig_exit.o ABSOLUTE
    ../clib/signal.c                         0x00000000   Number         0  __raise.o ABSOLUTE
    ../clib/signal.c                         0x00000000   Number         0  defsig_general.o ABSOLUTE
    ../clib/signal.c                         0x00000000   Number         0  defsig_abrt_inner.o ABSOLUTE
    ../clib/signal.c                         0x00000000   Number         0  defsig_fpe_inner.o ABSOLUTE
    ../clib/signal.c                         0x00000000   Number         0  defsig_rtred_inner.o ABSOLUTE
    ../clib/signal.c                         0x00000000   Number         0  defsig_stak_inner.o ABSOLUTE
    ../clib/signal.c                         0x00000000   Number         0  defsig_pvfn_inner.o ABSOLUTE
    ../clib/signal.c                         0x00000000   Number         0  defsig_cppl_inner.o ABSOLUTE
    ../clib/signal.s                         0x00000000   Number         0  defsig.o ABSOLUTE
    ../clib/stdlib.c                         0x00000000   Number         0  exit.o ABSOLUTE
    ../clib/string.c                         0x00000000   Number         0  strlen.o ABSOLUTE
    ../fplib/d2f.s                           0x00000000   Number         0  d2f.o ABSOLUTE
    ../fplib/daddsub.s                       0x00000000   Number         0  daddsub_clz.o ABSOLUTE
    ../fplib/dcheck1.s                       0x00000000   Number         0  dcheck1.o ABSOLUTE
    ../fplib/ddiv.s                          0x00000000   Number         0  ddiv.o ABSOLUTE
    ../fplib/dfix.s                          0x00000000   Number         0  dfix.o ABSOLUTE
    ../fplib/dflt.s                          0x00000000   Number         0  dflt_clz.o ABSOLUTE
    ../fplib/dmul.s                          0x00000000   Number         0  dmul.o ABSOLUTE
    ../fplib/dnaninf.s                       0x00000000   Number         0  dnaninf.o ABSOLUTE
    ../fplib/dretinf.s                       0x00000000   Number         0  dretinf.o ABSOLUTE
    ../fplib/ffix.s                          0x00000000   Number         0  ffix.o ABSOLUTE
    ../fplib/fnaninf.s                       0x00000000   Number         0  fnaninf.o ABSOLUTE
    ../fplib/fpinit.s                        0x00000000   Number         0  fpinit.o ABSOLUTE
    ../fplib/fretinf.s                       0x00000000   Number         0  fretinf.o ABSOLUTE
    ../fplib/retnan.s                        0x00000000   Number         0  retnan.o ABSOLUTE
    ../fplib/scalbn.s                        0x00000000   Number         0  scalbn.o ABSOLUTE
    ../fplib/trapv.s                         0x00000000   Number         0  trapv.o ABSOLUTE
    ../fplib/usenofp.s                       0x00000000   Number         0  usenofp.o ABSOLUTE
    ../mathlib/cos_i.c                       0x00000000   Number         0  cos_i.o ABSOLUTE
    ../mathlib/dunder.c                      0x00000000   Number         0  dunder.o ABSOLUTE
    ../mathlib/fpclassify.c                  0x00000000   Number         0  fpclassify.o ABSOLUTE
    ../mathlib/poly.c                        0x00000000   Number         0  poly.o ABSOLUTE
    ../mathlib/rred.c                        0x00000000   Number         0  rred.o ABSOLUTE
    ../mathlib/sin.c                         0x00000000   Number         0  sin_x.o ABSOLUTE
    ../mathlib/sin.c                         0x00000000   Number         0  sin.o ABSOLUTE
    ../mathlib/sin_i.c                       0x00000000   Number         0  sin_i_x.o ABSOLUTE
    ../mathlib/sin_i.c                       0x00000000   Number         0  sin_i.o ABSOLUTE
    D:\Keil_v5\ARM\PACK\Keil\STM32F1xx_DFP\2.0.0\Device\StdPeriph_Driver\src\misc.c 0x00000000   Number         0  misc.o ABSOLUTE
    D:\Keil_v5\ARM\PACK\Keil\STM32F1xx_DFP\2.0.0\Device\StdPeriph_Driver\src\stm32f10x_adc.c 0x00000000   Number         0  stm32f10x_adc.o ABSOLUTE
    D:\Keil_v5\ARM\PACK\Keil\STM32F1xx_DFP\2.0.0\Device\StdPeriph_Driver\src\stm32f10x_dma.c 0x00000000   Number         0  stm32f10x_dma.o ABSOLUTE
    D:\Keil_v5\ARM\PACK\Keil\STM32F1xx_DFP\2.0.0\Device\StdPeriph_Driver\src\stm32f10x_exti.c 0x00000000   Number         0  stm32f10x_exti.o ABSOLUTE
    D:\Keil_v5\ARM\PACK\Keil\STM32F1xx_DFP\2.0.0\Device\StdPeriph_Driver\src\stm32f10x_flash.c 0x00000000   Number         0  stm32f10x_flash.o ABSOLUTE
    D:\Keil_v5\ARM\PACK\Keil\STM32F1xx_DFP\2.0.0\Device\StdPeriph_Driver\src\stm32f10x_fsmc.c 0x00000000   Number         0  stm32f10x_fsmc.o ABSOLUTE
    D:\Keil_v5\ARM\PACK\Keil\STM32F1xx_DFP\2.0.0\Device\StdPeriph_Driver\src\stm32f10x_gpio.c 0x00000000   Number         0  stm32f10x_gpio.o ABSOLUTE
    D:\Keil_v5\ARM\PACK\Keil\STM32F1xx_DFP\2.0.0\Device\StdPeriph_Driver\src\stm32f10x_rcc.c 0x00000000   Number         0  stm32f10x_rcc.o ABSOLUTE
    D:\Keil_v5\ARM\PACK\Keil\STM32F1xx_DFP\2.0.0\Device\StdPeriph_Driver\src\stm32f10x_spi.c 0x00000000   Number         0  stm32f10x_spi.o ABSOLUTE
    D:\Keil_v5\ARM\PACK\Keil\STM32F1xx_DFP\2.0.0\Device\StdPeriph_Driver\src\stm32f10x_tim.c 0x00000000   Number         0  stm32f10x_tim.o ABSOLUTE
    D:\Keil_v5\ARM\PACK\Keil\STM32F1xx_DFP\2.0.0\Device\StdPeriph_Driver\src\stm32f10x_usart.c 0x00000000   Number         0  stm32f10x_usart.o ABSOLUTE
    D:\Keil_v5\ARM\PACK\Keil\STM32F1xx_DFP\2.0.0\RTE_Driver\DMA_STM32F10x.c 0x00000000   Number         0  dma_stm32f10x.o ABSOLUTE
    D:\Keil_v5\ARM\PACK\Keil\STM32F1xx_DFP\2.0.0\RTE_Driver\GPIO_STM32F10x.c 0x00000000   Number         0  gpio_stm32f10x.o ABSOLUTE
    D:\\Keil_v5\\ARM\\PACK\\Keil\\STM32F1xx_DFP\\2.0.0\\Device\\StdPeriph_Driver\\src\\misc.c 0x00000000   Number         0  misc.o ABSOLUTE
    D:\\Keil_v5\\ARM\\PACK\\Keil\\STM32F1xx_DFP\\2.0.0\\Device\\StdPeriph_Driver\\src\\stm32f10x_adc.c 0x00000000   Number         0  stm32f10x_adc.o ABSOLUTE
    D:\\Keil_v5\\ARM\\PACK\\Keil\\STM32F1xx_DFP\\2.0.0\\Device\\StdPeriph_Driver\\src\\stm32f10x_dma.c 0x00000000   Number         0  stm32f10x_dma.o ABSOLUTE
    D:\\Keil_v5\\ARM\\PACK\\Keil\\STM32F1xx_DFP\\2.0.0\\Device\\StdPeriph_Driver\\src\\stm32f10x_exti.c 0x00000000   Number         0  stm32f10x_exti.o ABSOLUTE
    D:\\Keil_v5\\ARM\\PACK\\Keil\\STM32F1xx_DFP\\2.0.0\\Device\\StdPeriph_Driver\\src\\stm32f10x_flash.c 0x00000000   Number         0  stm32f10x_flash.o ABSOLUTE
    D:\\Keil_v5\\ARM\\PACK\\Keil\\STM32F1xx_DFP\\2.0.0\\Device\\StdPeriph_Driver\\src\\stm32f10x_fsmc.c 0x00000000   Number         0  stm32f10x_fsmc.o ABSOLUTE
    D:\\Keil_v5\\ARM\\PACK\\Keil\\STM32F1xx_DFP\\2.0.0\\Device\\StdPeriph_Driver\\src\\stm32f10x_gpio.c 0x00000000   Number         0  stm32f10x_gpio.o ABSOLUTE
    D:\\Keil_v5\\ARM\\PACK\\Keil\\STM32F1xx_DFP\\2.0.0\\Device\\StdPeriph_Driver\\src\\stm32f10x_rcc.c 0x00000000   Number         0  stm32f10x_rcc.o ABSOLUTE
    D:\\Keil_v5\\ARM\\PACK\\Keil\\STM32F1xx_DFP\\2.0.0\\Device\\StdPeriph_Driver\\src\\stm32f10x_spi.c 0x00000000   Number         0  stm32f10x_spi.o ABSOLUTE
    D:\\Keil_v5\\ARM\\PACK\\Keil\\STM32F1xx_DFP\\2.0.0\\Device\\StdPeriph_Driver\\src\\stm32f10x_tim.c 0x00000000   Number         0  stm32f10x_tim.o ABSOLUTE
    D:\\Keil_v5\\ARM\\PACK\\Keil\\STM32F1xx_DFP\\2.0.0\\Device\\StdPeriph_Driver\\src\\stm32f10x_usart.c 0x00000000   Number         0  stm32f10x_usart.o ABSOLUTE
    D:\\Keil_v5\\ARM\\PACK\\Keil\\STM32F1xx_DFP\\2.0.0\\RTE_Driver\\DMA_STM32F10x.c 0x00000000   Number         0  dma_stm32f10x.o ABSOLUTE
    D:\\Keil_v5\\ARM\\PACK\\Keil\\STM32F1xx_DFP\\2.0.0\\RTE_Driver\\GPIO_STM32F10x.c 0x00000000   Number         0  gpio_stm32f10x.o ABSOLUTE
    DSP_lib\STM32F10x_DSP_Lib\src\asm\arm\cr4_fft_1024_stm32.s 0x00000000   Number         0  cr4_fft_1024_stm32.o ABSOLUTE
    DSP_lib\STM32F10x_DSP_Lib\src\asm\arm\cr4_fft_256_stm32.s 0x00000000   Number         0  cr4_fft_256_stm32.o ABSOLUTE
    RTE\Device\STM32F103ZE\startup_stm32f10x_hd.s 0x00000000   Number         0  startup_stm32f10x_hd.o ABSOLUTE
    RTE\Device\STM32F103ZE\system_stm32f10x.c 0x00000000   Number         0  system_stm32f10x.o ABSOLUTE
    RTE\\Device\\STM32F103ZE\\system_stm32f10x.c 0x00000000   Number         0  system_stm32f10x.o ABSOLUTE
    dc.s                                     0x00000000   Number         0  dc.o ABSOLUTE
    hardware\ADC_DMA\ADC_DMA.c               0x00000000   Number         0  adc_dma.o ABSOLUTE
    hardware\\ADC_DMA\\ADC_DMA.c             0x00000000   Number         0  adc_dma.o ABSOLUTE
    hardware\\key\\key.c                     0x00000000   Number         0  key.o ABSOLUTE
    hardware\\lcd\\LCD_Driver.c              0x00000000   Number         0  lcd_driver.o ABSOLUTE
    hardware\\lcd\\lcd_ex.c                  0x00000000   Number         0  lcd_ex.o ABSOLUTE
    hardware\\system\\delay\\delay.c         0x00000000   Number         0  delay.o ABSOLUTE
    hardware\\system\\sys\\sys.c             0x00000000   Number         0  sys.o ABSOLUTE
    hardware\\system\\usart\\usart.c         0x00000000   Number         0  usart.o ABSOLUTE
    hardware\\timer\\timer.c                 0x00000000   Number         0  timer.o ABSOLUTE
    hardware\key\key.c                       0x00000000   Number         0  key.o ABSOLUTE
    hardware\lcd\LCD_Driver.c                0x00000000   Number         0  lcd_driver.o ABSOLUTE
    hardware\lcd\lcd_ex.c                    0x00000000   Number         0  lcd_ex.o ABSOLUTE
    hardware\system\delay\delay.c            0x00000000   Number         0  delay.o ABSOLUTE
    hardware\system\sys\sys.c                0x00000000   Number         0  sys.o ABSOLUTE
    hardware\system\usart\usart.c            0x00000000   Number         0  usart.o ABSOLUTE
    hardware\timer\timer.c                   0x00000000   Number         0  timer.o ABSOLUTE
    user\\display.c                          0x00000000   Number         0  display.o ABSOLUTE
    user\\main.c                             0x00000000   Number         0  main.o ABSOLUTE
    user\\stm32f10x_it.c                     0x00000000   Number         0  stm32f10x_it.o ABSOLUTE
    user\\voice.c                            0x00000000   Number         0  voice.o ABSOLUTE
    user\display.c                           0x00000000   Number         0  display.o ABSOLUTE
    user\main.c                              0x00000000   Number         0  main.o ABSOLUTE
    user\stm32f10x_it.c                      0x00000000   Number         0  stm32f10x_it.o ABSOLUTE
    user\voice.c                             0x00000000   Number         0  voice.o ABSOLUTE
    RESET                                    0x08000000   Section      304  startup_stm32f10x_hd.o(RESET)
    !!!main                                  0x08000130   Section        8  __main.o(!!!main)
    !!!scatter                               0x08000138   Section       52  __scatter.o(!!!scatter)
    !!handler_copy                           0x0800016c   Section       26  __scatter_copy.o(!!handler_copy)
    !!handler_zi                             0x08000188   Section       28  __scatter_zi.o(!!handler_zi)
    .ARM.Collect$$libinit$$00000000          0x080001a4   Section        2  libinit.o(.ARM.Collect$$libinit$$00000000)
    .ARM.Collect$$libinit$$00000002          0x080001a6   Section        0  libinit2.o(.ARM.Collect$$libinit$$00000002)
    .ARM.Collect$$libinit$$00000004          0x080001a6   Section        0  libinit2.o(.ARM.Collect$$libinit$$00000004)
    .ARM.Collect$$libinit$$0000000A          0x080001a6   Section        0  libinit2.o(.ARM.Collect$$libinit$$0000000A)
    .ARM.Collect$$libinit$$0000000C          0x080001a6   Section        0  libinit2.o(.ARM.Collect$$libinit$$0000000C)
    .ARM.Collect$$libinit$$0000000E          0x080001a6   Section        0  libinit2.o(.ARM.Collect$$libinit$$0000000E)
    .ARM.Collect$$libinit$$00000011          0x080001a6   Section        0  libinit2.o(.ARM.Collect$$libinit$$00000011)
    .ARM.Collect$$libinit$$00000013          0x080001a6   Section        0  libinit2.o(.ARM.Collect$$libinit$$00000013)
    .ARM.Collect$$libinit$$00000015          0x080001a6   Section        0  libinit2.o(.ARM.Collect$$libinit$$00000015)
    .ARM.Collect$$libinit$$00000017          0x080001a6   Section        0  libinit2.o(.ARM.Collect$$libinit$$00000017)
    .ARM.Collect$$libinit$$00000019          0x080001a6   Section        0  libinit2.o(.ARM.Collect$$libinit$$00000019)
    .ARM.Collect$$libinit$$0000001B          0x080001a6   Section        0  libinit2.o(.ARM.Collect$$libinit$$0000001B)
    .ARM.Collect$$libinit$$0000001D          0x080001a6   Section        0  libinit2.o(.ARM.Collect$$libinit$$0000001D)
    .ARM.Collect$$libinit$$0000001F          0x080001a6   Section        0  libinit2.o(.ARM.Collect$$libinit$$0000001F)
    .ARM.Collect$$libinit$$00000021          0x080001a6   Section        0  libinit2.o(.ARM.Collect$$libinit$$00000021)
    .ARM.Collect$$libinit$$00000023          0x080001a6   Section        0  libinit2.o(.ARM.Collect$$libinit$$00000023)
    .ARM.Collect$$libinit$$00000025          0x080001a6   Section        0  libinit2.o(.ARM.Collect$$libinit$$00000025)
    .ARM.Collect$$libinit$$0000002C          0x080001a6   Section        0  libinit2.o(.ARM.Collect$$libinit$$0000002C)
    .ARM.Collect$$libinit$$0000002E          0x080001a6   Section        0  libinit2.o(.ARM.Collect$$libinit$$0000002E)
    .ARM.Collect$$libinit$$00000030          0x080001a6   Section        0  libinit2.o(.ARM.Collect$$libinit$$00000030)
    .ARM.Collect$$libinit$$00000032          0x080001a6   Section        0  libinit2.o(.ARM.Collect$$libinit$$00000032)
    .ARM.Collect$$libinit$$00000033          0x080001a6   Section        2  libinit2.o(.ARM.Collect$$libinit$$00000033)
    .ARM.Collect$$libshutdown$$00000000      0x080001a8   Section        2  libshutdown.o(.ARM.Collect$$libshutdown$$00000000)
    .ARM.Collect$$libshutdown$$00000003      0x080001aa   Section        0  libshutdown2.o(.ARM.Collect$$libshutdown$$00000003)
    .ARM.Collect$$libshutdown$$00000006      0x080001aa   Section        0  libshutdown2.o(.ARM.Collect$$libshutdown$$00000006)
    .ARM.Collect$$libshutdown$$00000009      0x080001aa   Section        0  libshutdown2.o(.ARM.Collect$$libshutdown$$00000009)
    .ARM.Collect$$libshutdown$$0000000B      0x080001aa   Section        0  libshutdown2.o(.ARM.Collect$$libshutdown$$0000000B)
    .ARM.Collect$$libshutdown$$0000000E      0x080001aa   Section        0  libshutdown2.o(.ARM.Collect$$libshutdown$$0000000E)
    .ARM.Collect$$libshutdown$$0000000F      0x080001aa   Section        2  libshutdown2.o(.ARM.Collect$$libshutdown$$0000000F)
    .ARM.Collect$$rtentry$$00000000          0x080001ac   Section        0  __rtentry.o(.ARM.Collect$$rtentry$$00000000)
    .ARM.Collect$$rtentry$$00000002          0x080001ac   Section        0  __rtentry2.o(.ARM.Collect$$rtentry$$00000002)
    .ARM.Collect$$rtentry$$00000004          0x080001ac   Section        6  __rtentry4.o(.ARM.Collect$$rtentry$$00000004)
    .ARM.Collect$$rtentry$$00000009          0x080001b2   Section        0  __rtentry2.o(.ARM.Collect$$rtentry$$00000009)
    .ARM.Collect$$rtentry$$0000000A          0x080001b2   Section        4  __rtentry2.o(.ARM.Collect$$rtentry$$0000000A)
    .ARM.Collect$$rtentry$$0000000C          0x080001b6   Section        0  __rtentry2.o(.ARM.Collect$$rtentry$$0000000C)
    .ARM.Collect$$rtentry$$0000000D          0x080001b6   Section        8  __rtentry2.o(.ARM.Collect$$rtentry$$0000000D)
    .ARM.Collect$$rtexit$$00000000           0x080001be   Section        2  rtexit.o(.ARM.Collect$$rtexit$$00000000)
    .ARM.Collect$$rtexit$$00000002           0x080001c0   Section        0  rtexit2.o(.ARM.Collect$$rtexit$$00000002)
    .ARM.Collect$$rtexit$$00000003           0x080001c0   Section        4  rtexit2.o(.ARM.Collect$$rtexit$$00000003)
    .ARM.Collect$$rtexit$$00000004           0x080001c4   Section        6  rtexit2.o(.ARM.Collect$$rtexit$$00000004)
    .text                                    0x080001cc   Section     4576  cr4_fft_1024_stm32.o(.text)
    .text                                    0x080013ac   Section       64  startup_stm32f10x_hd.o(.text)
    .text                                    0x080013ec   Section        2  use_no_semi_2.o(.text)
    .text                                    0x080013ee   Section        0  heapauxi.o(.text)
    .text                                    0x080013f4   Section        2  use_no_semi.o(.text)
    .text                                    0x080013f8   Section        8  libspace.o(.text)
    .text                                    0x08001400   Section       74  sys_stackheap_outer.o(.text)
    .text                                    0x0800144a   Section        0  exit.o(.text)
    i.ADC1_DMAInit                           0x08001458   Section        0  adc_dma.o(i.ADC1_DMAInit)
    i.ADC_Cmd                                0x08001518   Section        0  stm32f10x_adc.o(i.ADC_Cmd)
    i.ADC_DMACmd                             0x08001530   Section        0  stm32f10x_adc.o(i.ADC_DMACmd)
    i.ADC_GetCalibrationStatus               0x08001548   Section        0  stm32f10x_adc.o(i.ADC_GetCalibrationStatus)
    i.ADC_GetResetCalibrationStatus          0x08001556   Section        0  stm32f10x_adc.o(i.ADC_GetResetCalibrationStatus)
    i.ADC_Init                               0x08001564   Section        0  stm32f10x_adc.o(i.ADC_Init)
    i.ADC_RegularChannelConfig               0x080015ac   Section        0  stm32f10x_adc.o(i.ADC_RegularChannelConfig)
    i.ADC_ResetCalibration                   0x08001620   Section        0  stm32f10x_adc.o(i.ADC_ResetCalibration)
    i.ADC_SoftwareStartConvCmd               0x0800162a   Section        0  stm32f10x_adc.o(i.ADC_SoftwareStartConvCmd)
    i.ADC_StartCalibration                   0x08001642   Section        0  stm32f10x_adc.o(i.ADC_StartCalibration)
    i.BusFault_Handler                       0x0800164c   Section        0  stm32f10x_it.o(i.BusFault_Handler)
    i.DMA1_Channel1_Event                    0x0800164e   Section        0  dma_stm32f10x.o(i.DMA1_Channel1_Event)
    i.DMA1_Channel1_IRQHandler               0x08001650   Section        0  dma_stm32f10x.o(i.DMA1_Channel1_IRQHandler)
    i.DMA1_Channel2_Event                    0x08001668   Section        0  dma_stm32f10x.o(i.DMA1_Channel2_Event)
    i.DMA1_Channel2_IRQHandler               0x0800166c   Section        0  dma_stm32f10x.o(i.DMA1_Channel2_IRQHandler)
    i.DMA1_Channel3_Event                    0x08001684   Section        0  dma_stm32f10x.o(i.DMA1_Channel3_Event)
    i.DMA1_Channel3_IRQHandler               0x08001688   Section        0  dma_stm32f10x.o(i.DMA1_Channel3_IRQHandler)
    i.DMA1_Channel4_Event                    0x080016a0   Section        0  dma_stm32f10x.o(i.DMA1_Channel4_Event)
    i.DMA1_Channel4_IRQHandler               0x080016a4   Section        0  dma_stm32f10x.o(i.DMA1_Channel4_IRQHandler)
    i.DMA1_Channel5_Event                    0x080016bc   Section        0  dma_stm32f10x.o(i.DMA1_Channel5_Event)
    i.DMA1_Channel5_IRQHandler               0x080016c0   Section        0  dma_stm32f10x.o(i.DMA1_Channel5_IRQHandler)
    i.DMA1_Channel6_Event                    0x080016d8   Section        0  dma_stm32f10x.o(i.DMA1_Channel6_Event)
    i.DMA1_Channel6_IRQHandler               0x080016dc   Section        0  dma_stm32f10x.o(i.DMA1_Channel6_IRQHandler)
    i.DMA1_Channel7_Event                    0x080016f4   Section        0  dma_stm32f10x.o(i.DMA1_Channel7_Event)
    i.DMA1_Channel7_IRQHandler               0x080016f8   Section        0  dma_stm32f10x.o(i.DMA1_Channel7_IRQHandler)
    i.DMA2_Channel1_Event                    0x08001710   Section        0  dma_stm32f10x.o(i.DMA2_Channel1_Event)
    i.DMA2_Channel1_IRQHandler               0x08001714   Section        0  dma_stm32f10x.o(i.DMA2_Channel1_IRQHandler)
    i.DMA2_Channel2_Event                    0x08001730   Section        0  dma_stm32f10x.o(i.DMA2_Channel2_Event)
    i.DMA2_Channel2_IRQHandler               0x08001734   Section        0  dma_stm32f10x.o(i.DMA2_Channel2_IRQHandler)
    i.DMA2_Channel3_Event                    0x08001750   Section        0  dma_stm32f10x.o(i.DMA2_Channel3_Event)
    i.DMA2_Channel3_IRQHandler               0x08001754   Section        0  dma_stm32f10x.o(i.DMA2_Channel3_IRQHandler)
    i.DMA2_Channel4_5_IRQHandler             0x08001770   Section        0  dma_stm32f10x.o(i.DMA2_Channel4_5_IRQHandler)
    i.DMA2_Channel4_Event                    0x080017a0   Section        0  dma_stm32f10x.o(i.DMA2_Channel4_Event)
    i.DMA2_Channel5_Event                    0x080017a2   Section        0  dma_stm32f10x.o(i.DMA2_Channel5_Event)
    i.DMA_Cmd                                0x080017a4   Section        0  stm32f10x_dma.o(i.DMA_Cmd)
    i.DMA_DeInit                             0x080017c0   Section        0  stm32f10x_dma.o(i.DMA_DeInit)
    i.DMA_GetCurrDataCounter                 0x080018b8   Section        0  stm32f10x_dma.o(i.DMA_GetCurrDataCounter)
    i.DMA_Init                               0x080018be   Section        0  stm32f10x_dma.o(i.DMA_Init)
    i.DebugMon_Handler                       0x080018f8   Section        0  stm32f10x_it.o(i.DebugMon_Handler)
    i.FSMC_NORSRAMCmd                        0x080018fc   Section        0  stm32f10x_fsmc.o(i.FSMC_NORSRAMCmd)
    i.FSMC_NORSRAMInit                       0x08001920   Section        0  stm32f10x_fsmc.o(i.FSMC_NORSRAMInit)
    i.GPIO_Configuration                     0x080019ec   Section        0  adc_dma.o(i.GPIO_Configuration)
    GPIO_Configuration                       0x080019ed   Thumb Code    24  adc_dma.o(i.GPIO_Configuration)
    i.GPIO_Init                              0x08001a08   Section        0  stm32f10x_gpio.o(i.GPIO_Init)
    i.GPIO_ReadInputDataBit                  0x08001aae   Section        0  stm32f10x_gpio.o(i.GPIO_ReadInputDataBit)
    i.GetPowerMag                            0x08001abc   Section        0  voice.o(i.GetPowerMag)
    i.HardFault_Handler                      0x08001afc   Section        0  stm32f10x_it.o(i.HardFault_Handler)
    i.LCD_Clear                              0x08001b00   Section        0  lcd_driver.o(i.LCD_Clear)
    i.LCD_GPIOInit                           0x08001b34   Section        0  lcd_driver.o(i.LCD_GPIOInit)
    i.LCD_Init                               0x08001c50   Section        0  lcd_driver.o(i.LCD_Init)
    i.LCD_RESET                              0x08001ea4   Section        0  lcd_driver.o(i.LCD_RESET)
    i.LCD_Scan_Dir                           0x08001ec4   Section        0  lcd_ex.o(i.LCD_Scan_Dir)
    i.LCD_SetCursor                          0x08001fb0   Section        0  lcd_driver.o(i.LCD_SetCursor)
    i.LCD_SetParam                           0x08001fe8   Section        0  lcd_driver.o(i.LCD_SetParam)
    i.LCD_SetWindows                         0x08002010   Section        0  lcd_driver.o(i.LCD_SetWindows)
    i.LCD_WR_DATA                            0x08002060   Section        0  lcd_driver.o(i.LCD_WR_DATA)
    i.LCD_WR_REG                             0x0800206c   Section        0  lcd_driver.o(i.LCD_WR_REG)
    i.LCD_WriteRAM_Prepare                   0x08002078   Section        0  lcd_driver.o(i.LCD_WriteRAM_Prepare)
    i.LCD_WriteReg                           0x08002084   Section        0  lcd_driver.o(i.LCD_WriteReg)
    i.MemManage_Handler                      0x08002094   Section        0  stm32f10x_it.o(i.MemManage_Handler)
    i.NMI_Handler                            0x08002096   Section        0  stm32f10x_it.o(i.NMI_Handler)
    i.NVIC_Init                              0x08002098   Section        0  misc.o(i.NVIC_Init)
    i.PendSV_Handler                         0x080020fc   Section        0  stm32f10x_it.o(i.PendSV_Handler)
    i.RCC_ADCCLKConfig                       0x08002100   Section        0  stm32f10x_rcc.o(i.RCC_ADCCLKConfig)
    i.RCC_AHBPeriphClockCmd                  0x08002114   Section        0  stm32f10x_rcc.o(i.RCC_AHBPeriphClockCmd)
    i.RCC_APB1PeriphClockCmd                 0x08002130   Section        0  stm32f10x_rcc.o(i.RCC_APB1PeriphClockCmd)
    i.RCC_APB2PeriphClockCmd                 0x0800214c   Section        0  stm32f10x_rcc.o(i.RCC_APB2PeriphClockCmd)
    i.RCC_Configuration                      0x08002168   Section        0  adc_dma.o(i.RCC_Configuration)
    RCC_Configuration                        0x08002169   Thumb Code    32  adc_dma.o(i.RCC_Configuration)
    i.SVC_Handler                            0x08002188   Section        0  stm32f10x_it.o(i.SVC_Handler)
    i.SetSysClock                            0x0800218a   Section        0  system_stm32f10x.o(i.SetSysClock)
    SetSysClock                              0x0800218b   Thumb Code     4  system_stm32f10x.o(i.SetSysClock)
    i.SetSysClockTo72                        0x08002190   Section        0  system_stm32f10x.o(i.SetSysClockTo72)
    SetSysClockTo72                          0x08002191   Thumb Code   166  system_stm32f10x.o(i.SetSysClockTo72)
    i.SysTick_CLKSourceConfig                0x08002240   Section        0  misc.o(i.SysTick_CLKSourceConfig)
    i.SysTick_Handler                        0x0800225c   Section        0  stm32f10x_it.o(i.SysTick_Handler)
    i.SystemInit                             0x08002260   Section        0  system_stm32f10x.o(i.SystemInit)
    i.TIM1_UP_IRQHandler                     0x080022b0   Section        0  stm32f10x_it.o(i.TIM1_UP_IRQHandler)
    i.TIM3_IRQHandler                        0x080022b4   Section        0  timer.o(i.TIM3_IRQHandler)
    i.TIM3_Int_Init                          0x080022fc   Section        0  timer.o(i.TIM3_Int_Init)
    i.TIM_ClearITPendingBit                  0x0800235c   Section        0  stm32f10x_tim.o(i.TIM_ClearITPendingBit)
    i.TIM_Cmd                                0x08002362   Section        0  stm32f10x_tim.o(i.TIM_Cmd)
    i.TIM_GetITStatus                        0x0800237a   Section        0  stm32f10x_tim.o(i.TIM_GetITStatus)
    i.TIM_ITConfig                           0x08002392   Section        0  stm32f10x_tim.o(i.TIM_ITConfig)
    i.TIM_TimeBaseInit                       0x080023a8   Section        0  stm32f10x_tim.o(i.TIM_TimeBaseInit)
    i.USART1_IRQHandler                      0x08002444   Section        0  usart.o(i.USART1_IRQHandler)
    i.USART_GetITStatus                      0x080024ac   Section        0  stm32f10x_usart.o(i.USART_GetITStatus)
    i.USART_ReceiveData                      0x080024ec   Section        0  stm32f10x_usart.o(i.USART_ReceiveData)
    i.UsageFault_Handler                     0x080024f4   Section        0  stm32f10x_it.o(i.UsageFault_Handler)
    i._sys_exit                              0x080024f6   Section        0  usart.o(i._sys_exit)
    i.delay_init                             0x080024f8   Section        0  delay.o(i.delay_init)
    i.delay_ms                               0x08002534   Section        0  delay.o(i.delay_ms)
    i.displayFLineAndVWave                   0x0800256c   Section        0  voice.o(i.displayFLineAndVWave)
    i.displayFLineAndVWaveInit               0x0800262c   Section        0  voice.o(i.displayFLineAndVWaveInit)
    i.drawPoint                              0x0800264c   Section        0  voice.o(i.drawPoint)
    i.drawVerLine                            0x08002664   Section        0  voice.o(i.drawVerLine)
    i.dsp                                    0x0800268c   Section        0  voice.o(i.dsp)
    i.getTime                                0x0800272c   Section        0  timer.o(i.getTime)
    i.getTime10MsFlag                        0x08002738   Section        0  timer.o(i.getTime10MsFlag)
    i.intSqrt                                0x08002750   Section        0  voice.o(i.intSqrt)
    i.keyInit                                0x0800277c   Section        0  key.o(i.keyInit)
    i.keyProcess                             0x080027b4   Section        0  key.o(i.keyProcess)
    i.main                                   0x080027f4   Section        0  main.o(i.main)
    i.signalGatherInit                       0x08002878   Section        0  voice.o(i.signalGatherInit)
    .data                                    0x20000000   Section       16  main.o(.data)
    timeLast                                 0x20000008   Data           8  main.o(.data)
    .data                                    0x20000010   Section        4  delay.o(.data)
    fac_us                                   0x20000010   Data           1  delay.o(.data)
    fac_ms                                   0x20000012   Data           2  delay.o(.data)
    .data                                    0x20000014   Section        1  usart.o(.data)
    .data                                    0x20000018   Section       16  timer.o(.data)
    time_10MsFlag                            0x20000018   Data           1  timer.o(.data)
    time100MsFlag                            0x20000019   Data           1  timer.o(.data)
    time100MsCut                             0x2000001a   Data           1  timer.o(.data)
    timeCut                                  0x20000020   Data           8  timer.o(.data)
    .data                                    0x20000028   Section        2  key.o(.data)
    .data                                    0x2000002c   Section       20  system_stm32f10x.o(.data)
    .bss                                     0x20000040   Section    13952  voice.o(.bss)
    hTempLast                                0x20001040   Data         320  voice.o(.bss)
    vhTempLast                               0x20001180   Data         320  voice.o(.bss)
    .bss                                     0x200036c0   Section       14  lcd_driver.o(.bss)
    .bss                                     0x200036ce   Section       64  usart.o(.bss)
    .bss                                     0x20003710   Section       96  libspace.o(.bss)
    HEAP                                     0x20003770   Section      512  startup_stm32f10x_hd.o(HEAP)
    Heap_Mem                                 0x20003770   Data         512  startup_stm32f10x_hd.o(HEAP)
    STACK                                    0x20003970   Section     1024  startup_stm32f10x_hd.o(STACK)
    Stack_Mem                                0x20003970   Data        1024  startup_stm32f10x_hd.o(STACK)
    __initial_sp                             0x20003d70   Data           0  startup_stm32f10x_hd.o(STACK)

    Global Symbols

    Symbol Name                              Value     Ov Type        Size  Object(Section)

    BuildAttributes$$THM_ISAv4$P$D$K$B$S$PE$A:L22UL41UL21$X:L11$S22US41US21$IEEE1$IW$USESV6$~STKCKD$USESV7$~SHL$OTIME$ROPI$IEEEX$EBA8$UX$STANDARDLIB$REQ8$PRES8$EABIv2 0x00000000   Number         0  anon$$obj.o ABSOLUTE
    __ARM_use_no_argv                        0x00000000   Number         0  main.o ABSOLUTE
    __ARM_exceptions_init                     - Undefined Weak Reference
    __alloca_initialize                       - Undefined Weak Reference
    __arm_preinit_                            - Undefined Weak Reference
    __cpp_initialize__aeabi_                  - Undefined Weak Reference
    __cxa_finalize                            - Undefined Weak Reference
    __rt_locale                               - Undefined Weak Reference
    __sigvec_lookup                           - Undefined Weak Reference
    _atexit_init                              - Undefined Weak Reference
    _call_atexit_fns                          - Undefined Weak Reference
    _clock_init                               - Undefined Weak Reference
    _fp_trap_init                             - Undefined Weak Reference
    _fp_trap_shutdown                         - Undefined Weak Reference
    _get_lc_collate                           - Undefined Weak Reference
    _get_lc_ctype                             - Undefined Weak Reference
    _get_lc_monetary                          - Undefined Weak Reference
    _get_lc_numeric                           - Undefined Weak Reference
    _get_lc_time                              - Undefined Weak Reference
    _getenv_init                              - Undefined Weak Reference
    _handle_redirection                       - Undefined Weak Reference
    _init_alloc                               - Undefined Weak Reference
    _init_user_alloc                          - Undefined Weak Reference
    _initio                                   - Undefined Weak Reference
    _rand_init                                - Undefined Weak Reference
    _signal_finish                            - Undefined Weak Reference
    _signal_init                              - Undefined Weak Reference
    _terminate_alloc                          - Undefined Weak Reference
    _terminate_user_alloc                     - Undefined Weak Reference
    _terminateio                              - Undefined Weak Reference
    __Vectors_Size                           0x00000130   Number         0  startup_stm32f10x_hd.o ABSOLUTE
    __Vectors                                0x08000000   Data           4  startup_stm32f10x_hd.o(RESET)
    __Vectors_End                            0x08000130   Data           0  startup_stm32f10x_hd.o(RESET)
    __main                                   0x08000131   Thumb Code     8  __main.o(!!!main)
    __scatterload                            0x08000139   Thumb Code     0  __scatter.o(!!!scatter)
    __scatterload_rt2                        0x08000139   Thumb Code    44  __scatter.o(!!!scatter)
    __scatterload_rt2_thumb_only             0x08000139   Thumb Code     0  __scatter.o(!!!scatter)
    __scatterload_null                       0x08000147   Thumb Code     0  __scatter.o(!!!scatter)
    __scatterload_copy                       0x0800016d   Thumb Code    26  __scatter_copy.o(!!handler_copy)
    __scatterload_zeroinit                   0x08000189   Thumb Code    28  __scatter_zi.o(!!handler_zi)
    __rt_lib_init                            0x080001a5   Thumb Code     0  libinit.o(.ARM.Collect$$libinit$$00000000)
    __rt_lib_init_alloca_1                   0x080001a7   Thumb Code     0  libinit2.o(.ARM.Collect$$libinit$$0000002E)
    __rt_lib_init_argv_1                     0x080001a7   Thumb Code     0  libinit2.o(.ARM.Collect$$libinit$$0000002C)
    __rt_lib_init_atexit_1                   0x080001a7   Thumb Code     0  libinit2.o(.ARM.Collect$$libinit$$0000001B)
    __rt_lib_init_clock_1                    0x080001a7   Thumb Code     0  libinit2.o(.ARM.Collect$$libinit$$00000021)
    __rt_lib_init_cpp_1                      0x080001a7   Thumb Code     0  libinit2.o(.ARM.Collect$$libinit$$00000032)
    __rt_lib_init_exceptions_1               0x080001a7   Thumb Code     0  libinit2.o(.ARM.Collect$$libinit$$00000030)
    __rt_lib_init_fp_1                       0x080001a7   Thumb Code     0  libinit2.o(.ARM.Collect$$libinit$$00000002)
    __rt_lib_init_fp_trap_1                  0x080001a7   Thumb Code     0  libinit2.o(.ARM.Collect$$libinit$$0000001F)
    __rt_lib_init_getenv_1                   0x080001a7   Thumb Code     0  libinit2.o(.ARM.Collect$$libinit$$00000023)
    __rt_lib_init_heap_1                     0x080001a7   Thumb Code     0  libinit2.o(.ARM.Collect$$libinit$$0000000A)
    __rt_lib_init_lc_collate_1               0x080001a7   Thumb Code     0  libinit2.o(.ARM.Collect$$libinit$$00000011)
    __rt_lib_init_lc_ctype_1                 0x080001a7   Thumb Code     0  libinit2.o(.ARM.Collect$$libinit$$00000013)
    __rt_lib_init_lc_monetary_1              0x080001a7   Thumb Code     0  libinit2.o(.ARM.Collect$$libinit$$00000015)
    __rt_lib_init_lc_numeric_1               0x080001a7   Thumb Code     0  libinit2.o(.ARM.Collect$$libinit$$00000017)
    __rt_lib_init_lc_time_1                  0x080001a7   Thumb Code     0  libinit2.o(.ARM.Collect$$libinit$$00000019)
    __rt_lib_init_preinit_1                  0x080001a7   Thumb Code     0  libinit2.o(.ARM.Collect$$libinit$$00000004)
    __rt_lib_init_rand_1                     0x080001a7   Thumb Code     0  libinit2.o(.ARM.Collect$$libinit$$0000000E)
    __rt_lib_init_return                     0x080001a7   Thumb Code     0  libinit2.o(.ARM.Collect$$libinit$$00000033)
    __rt_lib_init_signal_1                   0x080001a7   Thumb Code     0  libinit2.o(.ARM.Collect$$libinit$$0000001D)
    __rt_lib_init_stdio_1                    0x080001a7   Thumb Code     0  libinit2.o(.ARM.Collect$$libinit$$00000025)
    __rt_lib_init_user_alloc_1               0x080001a7   Thumb Code     0  libinit2.o(.ARM.Collect$$libinit$$0000000C)
    __rt_lib_shutdown                        0x080001a9   Thumb Code     0  libshutdown.o(.ARM.Collect$$libshutdown$$00000000)
    __rt_lib_shutdown_fp_trap_1              0x080001ab   Thumb Code     0  libshutdown2.o(.ARM.Collect$$libshutdown$$00000006)
    __rt_lib_shutdown_heap_1                 0x080001ab   Thumb Code     0  libshutdown2.o(.ARM.Collect$$libshutdown$$0000000E)
    __rt_lib_shutdown_return                 0x080001ab   Thumb Code     0  libshutdown2.o(.ARM.Collect$$libshutdown$$0000000F)
    __rt_lib_shutdown_signal_1               0x080001ab   Thumb Code     0  libshutdown2.o(.ARM.Collect$$libshutdown$$00000009)
    __rt_lib_shutdown_stdio_1                0x080001ab   Thumb Code     0  libshutdown2.o(.ARM.Collect$$libshutdown$$00000003)
    __rt_lib_shutdown_user_alloc_1           0x080001ab   Thumb Code     0  libshutdown2.o(.ARM.Collect$$libshutdown$$0000000B)
    __rt_entry                               0x080001ad   Thumb Code     0  __rtentry.o(.ARM.Collect$$rtentry$$00000000)
    __rt_entry_presh_1                       0x080001ad   Thumb Code     0  __rtentry2.o(.ARM.Collect$$rtentry$$00000002)
    __rt_entry_sh                            0x080001ad   Thumb Code     0  __rtentry4.o(.ARM.Collect$$rtentry$$00000004)
    __rt_entry_li                            0x080001b3   Thumb Code     0  __rtentry2.o(.ARM.Collect$$rtentry$$0000000A)
    __rt_entry_postsh_1                      0x080001b3   Thumb Code     0  __rtentry2.o(.ARM.Collect$$rtentry$$00000009)
    __rt_entry_main                          0x080001b7   Thumb Code     0  __rtentry2.o(.ARM.Collect$$rtentry$$0000000D)
    __rt_entry_postli_1                      0x080001b7   Thumb Code     0  __rtentry2.o(.ARM.Collect$$rtentry$$0000000C)
    __rt_exit                                0x080001bf   Thumb Code     0  rtexit.o(.ARM.Collect$$rtexit$$00000000)
    __rt_exit_ls                             0x080001c1   Thumb Code     0  rtexit2.o(.ARM.Collect$$rtexit$$00000003)
    __rt_exit_prels_1                        0x080001c1   Thumb Code     0  rtexit2.o(.ARM.Collect$$rtexit$$00000002)
    __rt_exit_exit                           0x080001c5   Thumb Code     0  rtexit2.o(.ARM.Collect$$rtexit$$00000004)
    cr4_fft_1024_stm32                       0x080001cd   Thumb Code     0  cr4_fft_1024_stm32.o(.text)
    Reset_Handler                            0x080013ad   Thumb Code     8  startup_stm32f10x_hd.o(.text)
    ADC1_2_IRQHandler                        0x080013c7   Thumb Code     0  startup_stm32f10x_hd.o(.text)
    ADC3_IRQHandler                          0x080013c7   Thumb Code     0  startup_stm32f10x_hd.o(.text)
    CAN1_RX1_IRQHandler                      0x080013c7   Thumb Code     0  startup_stm32f10x_hd.o(.text)
    CAN1_SCE_IRQHandler                      0x080013c7   Thumb Code     0  startup_stm32f10x_hd.o(.text)
    EXTI0_IRQHandler                         0x080013c7   Thumb Code     0  startup_stm32f10x_hd.o(.text)
    EXTI15_10_IRQHandler                     0x080013c7   Thumb Code     0  startup_stm32f10x_hd.o(.text)
    EXTI1_IRQHandler                         0x080013c7   Thumb Code     0  startup_stm32f10x_hd.o(.text)
    EXTI2_IRQHandler                         0x080013c7   Thumb Code     0  startup_stm32f10x_hd.o(.text)
    EXTI3_IRQHandler                         0x080013c7   Thumb Code     0  startup_stm32f10x_hd.o(.text)
    EXTI4_IRQHandler                         0x080013c7   Thumb Code     0  startup_stm32f10x_hd.o(.text)
    EXTI9_5_IRQHandler                       0x080013c7   Thumb Code     0  startup_stm32f10x_hd.o(.text)
    FLASH_IRQHandler                         0x080013c7   Thumb Code     0  startup_stm32f10x_hd.o(.text)
    FSMC_IRQHandler                          0x080013c7   Thumb Code     0  startup_stm32f10x_hd.o(.text)
    I2C1_ER_IRQHandler                       0x080013c7   Thumb Code     0  startup_stm32f10x_hd.o(.text)
    I2C1_EV_IRQHandler                       0x080013c7   Thumb Code     0  startup_stm32f10x_hd.o(.text)
    I2C2_ER_IRQHandler                       0x080013c7   Thumb Code     0  startup_stm32f10x_hd.o(.text)
    I2C2_EV_IRQHandler                       0x080013c7   Thumb Code     0  startup_stm32f10x_hd.o(.text)
    PVD_IRQHandler                           0x080013c7   Thumb Code     0  startup_stm32f10x_hd.o(.text)
    RCC_IRQHandler                           0x080013c7   Thumb Code     0  startup_stm32f10x_hd.o(.text)
    RTCAlarm_IRQHandler                      0x080013c7   Thumb Code     0  startup_stm32f10x_hd.o(.text)
    RTC_IRQHandler                           0x080013c7   Thumb Code     0  startup_stm32f10x_hd.o(.text)
    SDIO_IRQHandler                          0x080013c7   Thumb Code     0  startup_stm32f10x_hd.o(.text)
    SPI1_IRQHandler                          0x080013c7   Thumb Code     0  startup_stm32f10x_hd.o(.text)
    SPI2_IRQHandler                          0x080013c7   Thumb Code     0  startup_stm32f10x_hd.o(.text)
    SPI3_IRQHandler                          0x080013c7   Thumb Code     0  startup_stm32f10x_hd.o(.text)
    TAMPER_IRQHandler                        0x080013c7   Thumb Code     0  startup_stm32f10x_hd.o(.text)
    TIM1_BRK_IRQHandler                      0x080013c7   Thumb Code     0  startup_stm32f10x_hd.o(.text)
    TIM1_CC_IRQHandler                       0x080013c7   Thumb Code     0  startup_stm32f10x_hd.o(.text)
    TIM1_TRG_COM_IRQHandler                  0x080013c7   Thumb Code     0  startup_stm32f10x_hd.o(.text)
    TIM2_IRQHandler                          0x080013c7   Thumb Code     0  startup_stm32f10x_hd.o(.text)
    TIM4_IRQHandler                          0x080013c7   Thumb Code     0  startup_stm32f10x_hd.o(.text)
    TIM5_IRQHandler                          0x080013c7   Thumb Code     0  startup_stm32f10x_hd.o(.text)
    TIM6_IRQHandler                          0x080013c7   Thumb Code     0  startup_stm32f10x_hd.o(.text)
    TIM7_IRQHandler                          0x080013c7   Thumb Code     0  startup_stm32f10x_hd.o(.text)
    TIM8_BRK_IRQHandler                      0x080013c7   Thumb Code     0  startup_stm32f10x_hd.o(.text)
    TIM8_CC_IRQHandler                       0x080013c7   Thumb Code     0  startup_stm32f10x_hd.o(.text)
    TIM8_TRG_COM_IRQHandler                  0x080013c7   Thumb Code     0  startup_stm32f10x_hd.o(.text)
    TIM8_UP_IRQHandler                       0x080013c7   Thumb Code     0  startup_stm32f10x_hd.o(.text)
    UART4_IRQHandler                         0x080013c7   Thumb Code     0  startup_stm32f10x_hd.o(.text)
    UART5_IRQHandler                         0x080013c7   Thumb Code     0  startup_stm32f10x_hd.o(.text)
    USART2_IRQHandler                        0x080013c7   Thumb Code     0  startup_stm32f10x_hd.o(.text)
    USART3_IRQHandler                        0x080013c7   Thumb Code     0  startup_stm32f10x_hd.o(.text)
    USBWakeUp_IRQHandler                     0x080013c7   Thumb Code     0  startup_stm32f10x_hd.o(.text)
    USB_HP_CAN1_TX_IRQHandler                0x080013c7   Thumb Code     0  startup_stm32f10x_hd.o(.text)
    USB_LP_CAN1_RX0_IRQHandler               0x080013c7   Thumb Code     0  startup_stm32f10x_hd.o(.text)
    WWDG_IRQHandler                          0x080013c7   Thumb Code     0  startup_stm32f10x_hd.o(.text)
    __user_initial_stackheap                 0x080013c9   Thumb Code     0  startup_stm32f10x_hd.o(.text)
    __use_no_semihosting                     0x080013ed   Thumb Code     2  use_no_semi_2.o(.text)
    __use_two_region_memory                  0x080013ef   Thumb Code     2  heapauxi.o(.text)
    __rt_heap_escrow$2region                 0x080013f1   Thumb Code     2  heapauxi.o(.text)
    __rt_heap_expand$2region                 0x080013f3   Thumb Code     2  heapauxi.o(.text)
    __I$use$semihosting                      0x080013f5   Thumb Code     0  use_no_semi.o(.text)
    __use_no_semihosting_swi                 0x080013f5   Thumb Code     2  use_no_semi.o(.text)
    __user_libspace                          0x080013f9   Thumb Code     8  libspace.o(.text)
    __user_perproc_libspace                  0x080013f9   Thumb Code     0  libspace.o(.text)
    __user_perthread_libspace                0x080013f9   Thumb Code     0  libspace.o(.text)
    __user_setup_stackheap                   0x08001401   Thumb Code    74  sys_stackheap_outer.o(.text)
    exit                                     0x0800144b   Thumb Code    12  exit.o(.text)
    ADC1_DMAInit                             0x08001459   Thumb Code   184  adc_dma.o(i.ADC1_DMAInit)
    ADC_Cmd                                  0x08001519   Thumb Code    24  stm32f10x_adc.o(i.ADC_Cmd)
    ADC_DMACmd                               0x08001531   Thumb Code    24  stm32f10x_adc.o(i.ADC_DMACmd)
    ADC_GetCalibrationStatus                 0x08001549   Thumb Code    14  stm32f10x_adc.o(i.ADC_GetCalibrationStatus)
    ADC_GetResetCalibrationStatus            0x08001557   Thumb Code    14  stm32f10x_adc.o(i.ADC_GetResetCalibrationStatus)
    ADC_Init                                 0x08001565   Thumb Code    62  stm32f10x_adc.o(i.ADC_Init)
    ADC_RegularChannelConfig                 0x080015ad   Thumb Code   116  stm32f10x_adc.o(i.ADC_RegularChannelConfig)
    ADC_ResetCalibration                     0x08001621   Thumb Code    10  stm32f10x_adc.o(i.ADC_ResetCalibration)
    ADC_SoftwareStartConvCmd                 0x0800162b   Thumb Code    24  stm32f10x_adc.o(i.ADC_SoftwareStartConvCmd)
    ADC_StartCalibration                     0x08001643   Thumb Code    10  stm32f10x_adc.o(i.ADC_StartCalibration)
    BusFault_Handler                         0x0800164d   Thumb Code     2  stm32f10x_it.o(i.BusFault_Handler)
    DMA1_Channel1_Event                      0x0800164f   Thumb Code     2  dma_stm32f10x.o(i.DMA1_Channel1_Event)
    DMA1_Channel1_IRQHandler                 0x08001651   Thumb Code    18  dma_stm32f10x.o(i.DMA1_Channel1_IRQHandler)
    DMA1_Channel2_Event                      0x08001669   Thumb Code     2  dma_stm32f10x.o(i.DMA1_Channel2_Event)
    DMA1_Channel2_IRQHandler                 0x0800166d   Thumb Code    20  dma_stm32f10x.o(i.DMA1_Channel2_IRQHandler)
    DMA1_Channel3_Event                      0x08001685   Thumb Code     2  dma_stm32f10x.o(i.DMA1_Channel3_Event)
    DMA1_Channel3_IRQHandler                 0x08001689   Thumb Code    20  dma_stm32f10x.o(i.DMA1_Channel3_IRQHandler)
    DMA1_Channel4_Event                      0x080016a1   Thumb Code     2  dma_stm32f10x.o(i.DMA1_Channel4_Event)
    DMA1_Channel4_IRQHandler                 0x080016a5   Thumb Code    20  dma_stm32f10x.o(i.DMA1_Channel4_IRQHandler)
    DMA1_Channel5_Event                      0x080016bd   Thumb Code     2  dma_stm32f10x.o(i.DMA1_Channel5_Event)
    DMA1_Channel5_IRQHandler                 0x080016c1   Thumb Code    20  dma_stm32f10x.o(i.DMA1_Channel5_IRQHandler)
    DMA1_Channel6_Event                      0x080016d9   Thumb Code     2  dma_stm32f10x.o(i.DMA1_Channel6_Event)
    DMA1_Channel6_IRQHandler                 0x080016dd   Thumb Code    20  dma_stm32f10x.o(i.DMA1_Channel6_IRQHandler)
    DMA1_Channel7_Event                      0x080016f5   Thumb Code     2  dma_stm32f10x.o(i.DMA1_Channel7_Event)
    DMA1_Channel7_IRQHandler                 0x080016f9   Thumb Code    20  dma_stm32f10x.o(i.DMA1_Channel7_IRQHandler)
    DMA2_Channel1_Event                      0x08001711   Thumb Code     2  dma_stm32f10x.o(i.DMA2_Channel1_Event)
    DMA2_Channel1_IRQHandler                 0x08001715   Thumb Code    22  dma_stm32f10x.o(i.DMA2_Channel1_IRQHandler)
    DMA2_Channel2_Event                      0x08001731   Thumb Code     2  dma_stm32f10x.o(i.DMA2_Channel2_Event)
    DMA2_Channel2_IRQHandler                 0x08001735   Thumb Code    24  dma_stm32f10x.o(i.DMA2_Channel2_IRQHandler)
    DMA2_Channel3_Event                      0x08001751   Thumb Code     2  dma_stm32f10x.o(i.DMA2_Channel3_Event)
    DMA2_Channel3_IRQHandler                 0x08001755   Thumb Code    24  dma_stm32f10x.o(i.DMA2_Channel3_IRQHandler)
    DMA2_Channel4_5_IRQHandler               0x08001771   Thumb Code    44  dma_stm32f10x.o(i.DMA2_Channel4_5_IRQHandler)
    DMA2_Channel4_Event                      0x080017a1   Thumb Code     2  dma_stm32f10x.o(i.DMA2_Channel4_Event)
    DMA2_Channel5_Event                      0x080017a3   Thumb Code     2  dma_stm32f10x.o(i.DMA2_Channel5_Event)
    DMA_Cmd                                  0x080017a5   Thumb Code    26  stm32f10x_dma.o(i.DMA_Cmd)
    DMA_DeInit                               0x080017c1   Thumb Code   238  stm32f10x_dma.o(i.DMA_DeInit)
    DMA_GetCurrDataCounter                   0x080018b9   Thumb Code     6  stm32f10x_dma.o(i.DMA_GetCurrDataCounter)
    DMA_Init                                 0x080018bf   Thumb Code    58  stm32f10x_dma.o(i.DMA_Init)
    DebugMon_Handler                         0x080018f9   Thumb Code     2  stm32f10x_it.o(i.DebugMon_Handler)
    FSMC_NORSRAMCmd                          0x080018fd   Thumb Code    30  stm32f10x_fsmc.o(i.FSMC_NORSRAMCmd)
    FSMC_NORSRAMInit                         0x08001921   Thumb Code   202  stm32f10x_fsmc.o(i.FSMC_NORSRAMInit)
    GPIO_Init                                0x08001a09   Thumb Code   166  stm32f10x_gpio.o(i.GPIO_Init)
    GPIO_ReadInputDataBit                    0x08001aaf   Thumb Code    14  stm32f10x_gpio.o(i.GPIO_ReadInputDataBit)
    GetPowerMag                              0x08001abd   Thumb Code    58  voice.o(i.GetPowerMag)
    HardFault_Handler                        0x08001afd   Thumb Code     2  stm32f10x_it.o(i.HardFault_Handler)
    LCD_Clear                                0x08001b01   Thumb Code    44  lcd_driver.o(i.LCD_Clear)
    LCD_GPIOInit                             0x08001b35   Thumb Code   258  lcd_driver.o(i.LCD_GPIOInit)
    LCD_Init                                 0x08001c51   Thumb Code   592  lcd_driver.o(i.LCD_Init)
    LCD_RESET                                0x08001ea5   Thumb Code    26  lcd_driver.o(i.LCD_RESET)
    LCD_Scan_Dir                             0x08001ec5   Thumb Code   236  lcd_ex.o(i.LCD_Scan_Dir)
    LCD_SetCursor                            0x08001fb1   Thumb Code    52  lcd_driver.o(i.LCD_SetCursor)
    LCD_SetParam                             0x08001fe9   Thumb Code    36  lcd_driver.o(i.LCD_SetParam)
    LCD_SetWindows                           0x08002011   Thumb Code    76  lcd_driver.o(i.LCD_SetWindows)
    LCD_WR_DATA                              0x08002061   Thumb Code     6  lcd_driver.o(i.LCD_WR_DATA)
    LCD_WR_REG                               0x0800206d   Thumb Code     6  lcd_driver.o(i.LCD_WR_REG)
    LCD_WriteRAM_Prepare                     0x08002079   Thumb Code     8  lcd_driver.o(i.LCD_WriteRAM_Prepare)
    LCD_WriteReg                             0x08002085   Thumb Code    10  lcd_driver.o(i.LCD_WriteReg)
    MemManage_Handler                        0x08002095   Thumb Code     2  stm32f10x_it.o(i.MemManage_Handler)
    NMI_Handler                              0x08002097   Thumb Code     2  stm32f10x_it.o(i.NMI_Handler)
    NVIC_Init                                0x08002099   Thumb Code    96  misc.o(i.NVIC_Init)
    PendSV_Handler                           0x080020fd   Thumb Code     2  stm32f10x_it.o(i.PendSV_Handler)
    RCC_ADCCLKConfig                         0x08002101   Thumb Code    14  stm32f10x_rcc.o(i.RCC_ADCCLKConfig)
    RCC_AHBPeriphClockCmd                    0x08002115   Thumb Code    22  stm32f10x_rcc.o(i.RCC_AHBPeriphClockCmd)
    RCC_APB1PeriphClockCmd                   0x08002131   Thumb Code    22  stm32f10x_rcc.o(i.RCC_APB1PeriphClockCmd)
    RCC_APB2PeriphClockCmd                   0x0800214d   Thumb Code    22  stm32f10x_rcc.o(i.RCC_APB2PeriphClockCmd)
    SVC_Handler                              0x08002189   Thumb Code     2  stm32f10x_it.o(i.SVC_Handler)
    SysTick_CLKSourceConfig                  0x08002241   Thumb Code    28  misc.o(i.SysTick_CLKSourceConfig)
    SysTick_Handler                          0x0800225d   Thumb Code     2  stm32f10x_it.o(i.SysTick_Handler)
    SystemInit                               0x08002261   Thumb Code    64  system_stm32f10x.o(i.SystemInit)
    TIM1_UP_IRQHandler                       0x080022b1   Thumb Code     2  stm32f10x_it.o(i.TIM1_UP_IRQHandler)
    TIM3_IRQHandler                          0x080022b5   Thumb Code    64  timer.o(i.TIM3_IRQHandler)
    TIM3_Int_Init                            0x080022fd   Thumb Code    90  timer.o(i.TIM3_Int_Init)
    TIM_ClearITPendingBit                    0x0800235d   Thumb Code     6  stm32f10x_tim.o(i.TIM_ClearITPendingBit)
    TIM_Cmd                                  0x08002363   Thumb Code    24  stm32f10x_tim.o(i.TIM_Cmd)
    TIM_GetITStatus                          0x0800237b   Thumb Code    24  stm32f10x_tim.o(i.TIM_GetITStatus)
    TIM_ITConfig                             0x08002393   Thumb Code    20  stm32f10x_tim.o(i.TIM_ITConfig)
    TIM_TimeBaseInit                         0x080023a9   Thumb Code   114  stm32f10x_tim.o(i.TIM_TimeBaseInit)
    USART1_IRQHandler                        0x08002445   Thumb Code    92  usart.o(i.USART1_IRQHandler)
    USART_GetITStatus                        0x080024ad   Thumb Code    64  stm32f10x_usart.o(i.USART_GetITStatus)
    USART_ReceiveData                        0x080024ed   Thumb Code     8  stm32f10x_usart.o(i.USART_ReceiveData)
    UsageFault_Handler                       0x080024f5   Thumb Code     2  stm32f10x_it.o(i.UsageFault_Handler)
    _sys_exit                                0x080024f7   Thumb Code     2  usart.o(i._sys_exit)
    delay_init                               0x080024f9   Thumb Code    46  delay.o(i.delay_init)
    delay_ms                                 0x08002535   Thumb Code    52  delay.o(i.delay_ms)
    displayFLineAndVWave                     0x0800256d   Thumb Code   188  voice.o(i.displayFLineAndVWave)
    displayFLineAndVWaveInit                 0x0800262d   Thumb Code    30  voice.o(i.displayFLineAndVWaveInit)
    drawPoint                                0x0800264d   Thumb Code    20  voice.o(i.drawPoint)
    drawVerLine                              0x08002665   Thumb Code    34  voice.o(i.drawVerLine)
    dsp                                      0x0800268d   Thumb Code   146  voice.o(i.dsp)
    getTime                                  0x0800272d   Thumb Code     8  timer.o(i.getTime)
    getTime10MsFlag                          0x08002739   Thumb Code    20  timer.o(i.getTime10MsFlag)
    intSqrt                                  0x08002751   Thumb Code    42  voice.o(i.intSqrt)
    keyInit                                  0x0800277d   Thumb Code    46  key.o(i.keyInit)
    keyProcess                               0x080027b5   Thumb Code    56  key.o(i.keyProcess)
    main                                     0x080027f5   Thumb Code   124  main.o(i.main)
    signalGatherInit                         0x08002879   Thumb Code    10  voice.o(i.signalGatherInit)
    Region$$Table$$Base                      0x08002888   Number         0  anon$$obj.o(Region$$Table)
    Region$$Table$$Limit                     0x080028a8   Number         0  anon$$obj.o(Region$$Table)
    isStop                                   0x20000000   Data           1  main.o(.data)
    fps                                      0x20000002   Data           2  main.o(.data)
    fpsCut                                   0x20000004   Data           2  main.o(.data)
    USART_RX_STA                             0x20000014   Data           1  usart.o(.data)
    key                                      0x20000028   Data           2  key.o(.data)
    SystemCoreClock                          0x2000002c   Data           4  system_stm32f10x.o(.data)
    AHBPrescTable                            0x20000030   Data          16  system_stm32f10x.o(.data)
    DMABuf                                   0x20000040   Data        4096  voice.o(.bss)
    lBUFIN                                   0x200012c0   Data        4096  voice.o(.bss)
    lBUFOUT                                  0x200022c0   Data        4096  voice.o(.bss)
    lBufMagArray                             0x200032c0   Data        1024  voice.o(.bss)
    lcddev                                   0x200036c0   Data          14  lcd_driver.o(.bss)
    USART_RX_BUF                             0x200036ce   Data          64  usart.o(.bss)
    __libspace_start                         0x20003710   Data          96  libspace.o(.bss)
    __temporary_stack_top$libspace           0x20003770   Data           0  libspace.o(.bss)



==============================================================================

Memory Map of the image

  Image Entry point : 0x08000131

  Load Region LR_IROM1 (Base: 0x08000000, Size: 0x000028e8, Max: 0x00080000, ABSOLUTE)

    Execution Region ER_IROM1 (Base: 0x08000000, Size: 0x000028a8, Max: 0x00080000, ABSOLUTE)

    Base Addr    Size         Type   Attr      Idx    E Section Name        Object

    0x08000000   0x00000130   Data   RO         3145    RESET               startup_stm32f10x_hd.o
    0x08000130   0x00000008   Code   RO         3204  * !!!main             c_w.l(__main.o)
    0x08000138   0x00000034   Code   RO         3450    !!!scatter          c_w.l(__scatter.o)
    0x0800016c   0x0000001a   Code   RO         3452    !!handler_copy      c_w.l(__scatter_copy.o)
    0x08000186   0x00000002   PAD
    0x08000188   0x0000001c   Code   RO         3454    !!handler_zi        c_w.l(__scatter_zi.o)
    0x080001a4   0x00000002   Code   RO         3322    .ARM.Collect$$libinit$$00000000  c_w.l(libinit.o)
    0x080001a6   0x00000000   Code   RO         3328    .ARM.Collect$$libinit$$00000002  c_w.l(libinit2.o)
    0x080001a6   0x00000000   Code   RO         3330    .ARM.Collect$$libinit$$00000004  c_w.l(libinit2.o)
    0x080001a6   0x00000000   Code   RO         3333    .ARM.Collect$$libinit$$0000000A  c_w.l(libinit2.o)
    0x080001a6   0x00000000   Code   RO         3335    .ARM.Collect$$libinit$$0000000C  c_w.l(libinit2.o)
    0x080001a6   0x00000000   Code   RO         3337    .ARM.Collect$$libinit$$0000000E  c_w.l(libinit2.o)
    0x080001a6   0x00000000   Code   RO         3340    .ARM.Collect$$libinit$$00000011  c_w.l(libinit2.o)
    0x080001a6   0x00000000   Code   RO         3342    .ARM.Collect$$libinit$$00000013  c_w.l(libinit2.o)
    0x080001a6   0x00000000   Code   RO         3344    .ARM.Collect$$libinit$$00000015  c_w.l(libinit2.o)
    0x080001a6   0x00000000   Code   RO         3346    .ARM.Collect$$libinit$$00000017  c_w.l(libinit2.o)
    0x080001a6   0x00000000   Code   RO         3348    .ARM.Collect$$libinit$$00000019  c_w.l(libinit2.o)
    0x080001a6   0x00000000   Code   RO         3350    .ARM.Collect$$libinit$$0000001B  c_w.l(libinit2.o)
    0x080001a6   0x00000000   Code   RO         3352    .ARM.Collect$$libinit$$0000001D  c_w.l(libinit2.o)
    0x080001a6   0x00000000   Code   RO         3354    .ARM.Collect$$libinit$$0000001F  c_w.l(libinit2.o)
    0x080001a6   0x00000000   Code   RO         3356    .ARM.Collect$$libinit$$00000021  c_w.l(libinit2.o)
    0x080001a6   0x00000000   Code   RO         3358    .ARM.Collect$$libinit$$00000023  c_w.l(libinit2.o)
    0x080001a6   0x00000000   Code   RO         3360    .ARM.Collect$$libinit$$00000025  c_w.l(libinit2.o)
    0x080001a6   0x00000000   Code   RO         3364    .ARM.Collect$$libinit$$0000002C  c_w.l(libinit2.o)
    0x080001a6   0x00000000   Code   RO         3366    .ARM.Collect$$libinit$$0000002E  c_w.l(libinit2.o)
    0x080001a6   0x00000000   Code   RO         3368    .ARM.Collect$$libinit$$00000030  c_w.l(libinit2.o)
    0x080001a6   0x00000000   Code   RO         3370    .ARM.Collect$$libinit$$00000032  c_w.l(libinit2.o)
    0x080001a6   0x00000002   Code   RO         3371    .ARM.Collect$$libinit$$00000033  c_w.l(libinit2.o)
    0x080001a8   0x00000002   Code   RO         3393    .ARM.Collect$$libshutdown$$00000000  c_w.l(libshutdown.o)
    0x080001aa   0x00000000   Code   RO         3404    .ARM.Collect$$libshutdown$$00000003  c_w.l(libshutdown2.o)
    0x080001aa   0x00000000   Code   RO         3407    .ARM.Collect$$libshutdown$$00000006  c_w.l(libshutdown2.o)
    0x080001aa   0x00000000   Code   RO         3410    .ARM.Collect$$libshutdown$$00000009  c_w.l(libshutdown2.o)
    0x080001aa   0x00000000   Code   RO         3412    .ARM.Collect$$libshutdown$$0000000B  c_w.l(libshutdown2.o)
    0x080001aa   0x00000000   Code   RO         3415    .ARM.Collect$$libshutdown$$0000000E  c_w.l(libshutdown2.o)
    0x080001aa   0x00000002   Code   RO         3416    .ARM.Collect$$libshutdown$$0000000F  c_w.l(libshutdown2.o)
    0x080001ac   0x00000000   Code   RO         3240    .ARM.Collect$$rtentry$$00000000  c_w.l(__rtentry.o)
    0x080001ac   0x00000000   Code   RO         3281    .ARM.Collect$$rtentry$$00000002  c_w.l(__rtentry2.o)
    0x080001ac   0x00000006   Code   RO         3293    .ARM.Collect$$rtentry$$00000004  c_w.l(__rtentry4.o)
    0x080001b2   0x00000000   Code   RO         3283    .ARM.Collect$$rtentry$$00000009  c_w.l(__rtentry2.o)
    0x080001b2   0x00000004   Code   RO         3284    .ARM.Collect$$rtentry$$0000000A  c_w.l(__rtentry2.o)
    0x080001b6   0x00000000   Code   RO         3286    .ARM.Collect$$rtentry$$0000000C  c_w.l(__rtentry2.o)
    0x080001b6   0x00000008   Code   RO         3287    .ARM.Collect$$rtentry$$0000000D  c_w.l(__rtentry2.o)
    0x080001be   0x00000002   Code   RO         3325    .ARM.Collect$$rtexit$$00000000  c_w.l(rtexit.o)
    0x080001c0   0x00000000   Code   RO         3375    .ARM.Collect$$rtexit$$00000002  c_w.l(rtexit2.o)
    0x080001c0   0x00000004   Code   RO         3376    .ARM.Collect$$rtexit$$00000003  c_w.l(rtexit2.o)
    0x080001c4   0x00000006   Code   RO         3377    .ARM.Collect$$rtexit$$00000004  c_w.l(rtexit2.o)
    0x080001ca   0x00000002   PAD
    0x080001cc   0x000011e0   Code   RO          886    .text               cr4_fft_1024_stm32.o
    0x080013ac   0x00000040   Code   RO         3146    .text               startup_stm32f10x_hd.o
    0x080013ec   0x00000002   Code   RO         3198    .text               c_w.l(use_no_semi_2.o)
    0x080013ee   0x00000006   Code   RO         3202    .text               c_w.l(heapauxi.o)
    0x080013f4   0x00000002   Code   RO         3238    .text               c_w.l(use_no_semi.o)
    0x080013f6   0x00000002   PAD
    0x080013f8   0x00000008   Code   RO         3310    .text               c_w.l(libspace.o)
    0x08001400   0x0000004a   Code   RO         3313    .text               c_w.l(sys_stackheap_outer.o)
    0x0800144a   0x0000000c   Code   RO         3315    .text               c_w.l(exit.o)
    0x08001456   0x00000002   PAD
    0x08001458   0x000000c0   Code   RO          816    i.ADC1_DMAInit      adc_dma.o
    0x08001518   0x00000018   Code   RO          949    i.ADC_Cmd           stm32f10x_adc.o
    0x08001530   0x00000018   Code   RO          950    i.ADC_DMACmd        stm32f10x_adc.o
    0x08001548   0x0000000e   Code   RO          957    i.ADC_GetCalibrationStatus  stm32f10x_adc.o
    0x08001556   0x0000000e   Code   RO          963    i.ADC_GetResetCalibrationStatus  stm32f10x_adc.o
    0x08001564   0x00000048   Code   RO          967    i.ADC_Init          stm32f10x_adc.o
    0x080015ac   0x00000074   Code   RO          971    i.ADC_RegularChannelConfig  stm32f10x_adc.o
    0x08001620   0x0000000a   Code   RO          972    i.ADC_ResetCalibration  stm32f10x_adc.o
    0x0800162a   0x00000018   Code   RO          974    i.ADC_SoftwareStartConvCmd  stm32f10x_adc.o
    0x08001642   0x0000000a   Code   RO          976    i.ADC_StartCalibration  stm32f10x_adc.o
    0x0800164c   0x00000002   Code   RO          125    i.BusFault_Handler  stm32f10x_it.o
    0x0800164e   0x00000002   Code   RO         2891    i.DMA1_Channel1_Event  dma_stm32f10x.o
    0x08001650   0x00000018   Code   RO         2892    i.DMA1_Channel1_IRQHandler  dma_stm32f10x.o
    0x08001668   0x00000002   Code   RO         2893    i.DMA1_Channel2_Event  dma_stm32f10x.o
    0x0800166a   0x00000002   PAD
    0x0800166c   0x00000018   Code   RO         2894    i.DMA1_Channel2_IRQHandler  dma_stm32f10x.o
    0x08001684   0x00000002   Code   RO         2895    i.DMA1_Channel3_Event  dma_stm32f10x.o
    0x08001686   0x00000002   PAD
    0x08001688   0x00000018   Code   RO         2896    i.DMA1_Channel3_IRQHandler  dma_stm32f10x.o
    0x080016a0   0x00000002   Code   RO         2897    i.DMA1_Channel4_Event  dma_stm32f10x.o
    0x080016a2   0x00000002   PAD
    0x080016a4   0x00000018   Code   RO         2898    i.DMA1_Channel4_IRQHandler  dma_stm32f10x.o
    0x080016bc   0x00000002   Code   RO         2899    i.DMA1_Channel5_Event  dma_stm32f10x.o
    0x080016be   0x00000002   PAD
    0x080016c0   0x00000018   Code   RO         2900    i.DMA1_Channel5_IRQHandler  dma_stm32f10x.o
    0x080016d8   0x00000002   Code   RO         2901    i.DMA1_Channel6_Event  dma_stm32f10x.o
    0x080016da   0x00000002   PAD
    0x080016dc   0x00000018   Code   RO         2902    i.DMA1_Channel6_IRQHandler  dma_stm32f10x.o
    0x080016f4   0x00000002   Code   RO         2903    i.DMA1_Channel7_Event  dma_stm32f10x.o
    0x080016f6   0x00000002   PAD
    0x080016f8   0x00000018   Code   RO         2904    i.DMA1_Channel7_IRQHandler  dma_stm32f10x.o
    0x08001710   0x00000002   Code   RO         2905    i.DMA2_Channel1_Event  dma_stm32f10x.o
    0x08001712   0x00000002   PAD
    0x08001714   0x0000001c   Code   RO         2906    i.DMA2_Channel1_IRQHandler  dma_stm32f10x.o
    0x08001730   0x00000002   Code   RO         2907    i.DMA2_Channel2_Event  dma_stm32f10x.o
    0x08001732   0x00000002   PAD
    0x08001734   0x0000001c   Code   RO         2908    i.DMA2_Channel2_IRQHandler  dma_stm32f10x.o
    0x08001750   0x00000002   Code   RO         2909    i.DMA2_Channel3_Event  dma_stm32f10x.o
    0x08001752   0x00000002   PAD
    0x08001754   0x0000001c   Code   RO         2910    i.DMA2_Channel3_IRQHandler  dma_stm32f10x.o
    0x08001770   0x00000030   Code   RO         2911    i.DMA2_Channel4_5_IRQHandler  dma_stm32f10x.o
    0x080017a0   0x00000002   Code   RO         2912    i.DMA2_Channel4_Event  dma_stm32f10x.o
    0x080017a2   0x00000002   Code   RO         2914    i.DMA2_Channel5_Event  dma_stm32f10x.o
    0x080017a4   0x0000001a   Code   RO         1179    i.DMA_Cmd           stm32f10x_dma.o
    0x080017be   0x00000002   PAD
    0x080017c0   0x000000f8   Code   RO         1180    i.DMA_DeInit        stm32f10x_dma.o
    0x080018b8   0x00000006   Code   RO         1181    i.DMA_GetCurrDataCounter  stm32f10x_dma.o
    0x080018be   0x0000003a   Code   RO         1185    i.DMA_Init          stm32f10x_dma.o
    0x080018f8   0x00000002   Code   RO          126    i.DebugMon_Handler  stm32f10x_it.o
    0x080018fa   0x00000002   PAD
    0x080018fc   0x00000024   Code   RO         1524    i.FSMC_NORSRAMCmd   stm32f10x_fsmc.o
    0x08001920   0x000000ca   Code   RO         1526    i.FSMC_NORSRAMInit  stm32f10x_fsmc.o
    0x080019ea   0x00000002   PAD
    0x080019ec   0x0000001c   Code   RO          817    i.GPIO_Configuration  adc_dma.o
    0x08001a08   0x000000a6   Code   RO         1651    i.GPIO_Init         stm32f10x_gpio.o
    0x08001aae   0x0000000e   Code   RO         1655    i.GPIO_ReadInputDataBit  stm32f10x_gpio.o
    0x08001abc   0x00000040   Code   RO          232    i.GetPowerMag       voice.o
    0x08001afc   0x00000002   Code   RO          127    i.HardFault_Handler  stm32f10x_it.o
    0x08001afe   0x00000002   PAD
    0x08001b00   0x00000034   Code   RO          327    i.LCD_Clear         lcd_driver.o
    0x08001b34   0x0000011c   Code   RO          330    i.LCD_GPIOInit      lcd_driver.o
    0x08001c50   0x00000254   Code   RO          331    i.LCD_Init          lcd_driver.o
    0x08001ea4   0x00000020   Code   RO          332    i.LCD_RESET         lcd_driver.o
    0x08001ec4   0x000000ec   Code   RO          678    i.LCD_Scan_Dir      lcd_ex.o
    0x08001fb0   0x00000038   Code   RO          333    i.LCD_SetCursor     lcd_driver.o
    0x08001fe8   0x00000028   Code   RO          334    i.LCD_SetParam      lcd_driver.o
    0x08002010   0x00000050   Code   RO          335    i.LCD_SetWindows    lcd_driver.o
    0x08002060   0x0000000c   Code   RO          336    i.LCD_WR_DATA       lcd_driver.o
    0x0800206c   0x0000000c   Code   RO          337    i.LCD_WR_REG        lcd_driver.o
    0x08002078   0x0000000c   Code   RO          338    i.LCD_WriteRAM_Prepare  lcd_driver.o
    0x08002084   0x00000010   Code   RO          339    i.LCD_WriteReg      lcd_driver.o
    0x08002094   0x00000002   Code   RO          128    i.MemManage_Handler  stm32f10x_it.o
    0x08002096   0x00000002   Code   RO          129    i.NMI_Handler       stm32f10x_it.o
    0x08002098   0x00000064   Code   RO          895    i.NVIC_Init         misc.o
    0x080020fc   0x00000002   Code   RO          130    i.PendSV_Handler    stm32f10x_it.o
    0x080020fe   0x00000002   PAD
    0x08002100   0x00000014   Code   RO         1771    i.RCC_ADCCLKConfig  stm32f10x_rcc.o
    0x08002114   0x0000001c   Code   RO         1772    i.RCC_AHBPeriphClockCmd  stm32f10x_rcc.o
    0x08002130   0x0000001c   Code   RO         1773    i.RCC_APB1PeriphClockCmd  stm32f10x_rcc.o
    0x0800214c   0x0000001c   Code   RO         1775    i.RCC_APB2PeriphClockCmd  stm32f10x_rcc.o
    0x08002168   0x00000020   Code   RO          818    i.RCC_Configuration  adc_dma.o
    0x08002188   0x00000002   Code   RO          131    i.SVC_Handler       stm32f10x_it.o
    0x0800218a   0x00000004   Code   RO         3153    i.SetSysClock       system_stm32f10x.o
    0x0800218e   0x00000002   PAD
    0x08002190   0x000000b0   Code   RO         3154    i.SetSysClockTo72   system_stm32f10x.o
    0x08002240   0x0000001c   Code   RO          899    i.SysTick_CLKSourceConfig  misc.o
    0x0800225c   0x00000002   Code   RO          132    i.SysTick_Handler   stm32f10x_it.o
    0x0800225e   0x00000002   PAD
    0x08002260   0x00000050   Code   RO         3156    i.SystemInit        system_stm32f10x.o
    0x080022b0   0x00000002   Code   RO          133    i.TIM1_UP_IRQHandler  stm32f10x_it.o
    0x080022b2   0x00000002   PAD
    0x080022b4   0x00000048   Code   RO          614    i.TIM3_IRQHandler   timer.o
    0x080022fc   0x00000060   Code   RO          615    i.TIM3_Int_Init     timer.o
    0x0800235c   0x00000006   Code   RO         2150    i.TIM_ClearITPendingBit  stm32f10x_tim.o
    0x08002362   0x00000018   Code   RO         2155    i.TIM_Cmd           stm32f10x_tim.o
    0x0800237a   0x00000018   Code   RO         2176    i.TIM_GetITStatus   stm32f10x_tim.o
    0x08002392   0x00000014   Code   RO         2180    i.TIM_ITConfig      stm32f10x_tim.o
    0x080023a6   0x00000002   PAD
    0x080023a8   0x0000009c   Code   RO         2226    i.TIM_TimeBaseInit  stm32f10x_tim.o
    0x08002444   0x00000068   Code   RO          560    i.USART1_IRQHandler  usart.o
    0x080024ac   0x00000040   Code   RO         2707    i.USART_GetITStatus  stm32f10x_usart.o
    0x080024ec   0x00000008   Code   RO         2717    i.USART_ReceiveData  stm32f10x_usart.o
    0x080024f4   0x00000002   Code   RO          134    i.UsageFault_Handler  stm32f10x_it.o
    0x080024f6   0x00000002   Code   RO          561    i._sys_exit         usart.o
    0x080024f8   0x0000003c   Code   RO          440    i.delay_init        delay.o
    0x08002534   0x00000038   Code   RO          441    i.delay_ms          delay.o
    0x0800256c   0x000000c0   Code   RO          234    i.displayFLineAndVWave  voice.o
    0x0800262c   0x0000001e   Code   RO          235    i.displayFLineAndVWaveInit  voice.o
    0x0800264a   0x00000002   PAD
    0x0800264c   0x00000018   Code   RO          236    i.drawPoint         voice.o
    0x08002664   0x00000028   Code   RO          237    i.drawVerLine       voice.o
    0x0800268c   0x000000a0   Code   RO          238    i.dsp               voice.o
    0x0800272c   0x0000000c   Code   RO          616    i.getTime           timer.o
    0x08002738   0x00000018   Code   RO          618    i.getTime10MsFlag   timer.o
    0x08002750   0x0000002a   Code   RO          240    i.intSqrt           voice.o
    0x0800277a   0x00000002   PAD
    0x0800277c   0x00000038   Code   RO          853    i.keyInit           key.o
    0x080027b4   0x00000040   Code   RO          854    i.keyProcess        key.o
    0x080027f4   0x00000084   Code   RO            4    i.main              main.o
    0x08002878   0x00000010   Code   RO          241    i.signalGatherInit  voice.o
    0x08002888   0x00000020   Data   RO         3448    Region$$Table       anon$$obj.o


    Execution Region RW_IRAM1 (Base: 0x20000000, Size: 0x00003d70, Max: 0x00010000, ABSOLUTE)

    Base Addr    Size         Type   Attr      Idx    E Section Name        Object

    0x20000000   0x00000010   Data   RW            5    .data               main.o
    0x20000010   0x00000004   Data   RW          443    .data               delay.o
    0x20000014   0x00000001   Data   RW          565    .data               usart.o
    0x20000015   0x00000003   PAD
    0x20000018   0x00000010   Data   RW          619    .data               timer.o
    0x20000028   0x00000002   Data   RW          855    .data               key.o
    0x2000002a   0x00000002   PAD
    0x2000002c   0x00000014   Data   RW         3157    .data               system_stm32f10x.o
    0x20000040   0x00003680   Zero   RW          242    .bss                voice.o
    0x200036c0   0x0000000e   Zero   RW          340    .bss                lcd_driver.o
    0x200036ce   0x00000040   Zero   RW          564    .bss                usart.o
    0x2000370e   0x00000002   PAD
    0x20003710   0x00000060   Zero   RW         3311    .bss                c_w.l(libspace.o)
    0x20003770   0x00000200   Zero   RW         3144    HEAP                startup_stm32f10x_hd.o
    0x20003970   0x00000400   Zero   RW         3143    STACK               startup_stm32f10x_hd.o


==============================================================================

Image component sizes


      Code (inc. data)   RO Data    RW Data    ZI Data      Debug   Object Name

       252         12          0          0          0       1963   adc_dma.o
      4576       4080          0          0          0        360   cr4_fft_1024_stm32.o
       116         18          0          4          0       1532   delay.o
       324         48          0          0          0      11891   dma_stm32f10x.o
       120         18          0          2          0       1689   key.o
      1192         78          0          0         14       8986   lcd_driver.o
       236         16          0          0          0        779   lcd_ex.o
       132          8          0         16          0     272455   main.o
       128          4          0          0          0       1770   misc.o
        64         26        304          0       1536        820   startup_stm32f10x_hd.o
       308         10          0          0          0       8093   stm32f10x_adc.o
       338         10          0          0          0       4459   stm32f10x_dma.o
       238          6          0          0          0       2045   stm32f10x_fsmc.o
       180          0          0          0          0       2824   stm32f10x_gpio.o
        20          0          0          0          0       4099   stm32f10x_it.o
       104         24          0          0          0       2437   stm32f10x_rcc.o
       230         42          0          0          0       3970   stm32f10x_tim.o
        72          0          0          0          0       3016   stm32f10x_usart.o
       260         26          0         20          0       2265   system_stm32f10x.o
       204         22          0         16          0       2306   timer.o
       106         12          0          1         64       2908   usart.o
       568         40          0          0      13952       6003   voice.o

    ----------------------------------------------------------------------
      9808       4500        336         64      15568     346670   Object Totals
         0          0         32          0          0          0   (incl. Generated)
        40          0          0          5          2          0   (incl. Padding)

    ----------------------------------------------------------------------

      Code (inc. data)   RO Data    RW Data    ZI Data      Debug   Library Member Name

         8          0          0          0          0         68   __main.o
         0          0          0          0          0          0   __rtentry.o
        12          0          0          0          0          0   __rtentry2.o
         6          0          0          0          0          0   __rtentry4.o
        52          8          0          0          0          0   __scatter.o
        26          0          0          0          0          0   __scatter_copy.o
        28          0          0          0          0          0   __scatter_zi.o
        12          0          0          0          0         72   exit.o
         6          0          0          0          0        152   heapauxi.o
         2          0          0          0          0          0   libinit.o
         2          0          0          0          0          0   libinit2.o
         2          0          0          0          0          0   libshutdown.o
         2          0          0          0          0          0   libshutdown2.o
         8          4          0          0         96         68   libspace.o
         2          0          0          0          0          0   rtexit.o
        10          0          0          0          0          0   rtexit2.o
        74          0          0          0          0         80   sys_stackheap_outer.o
         2          0          0          0          0         68   use_no_semi.o
         2          0          0          0          0         68   use_no_semi_2.o

    ----------------------------------------------------------------------
       264         12          0          0         96        576   Library Totals
         8          0          0          0          0          0   (incl. Padding)

    ----------------------------------------------------------------------

      Code (inc. data)   RO Data    RW Data    ZI Data      Debug   Library Name

       256         12          0          0         96        576   c_w.l

    ----------------------------------------------------------------------
       264         12          0          0         96        576   Library Totals

    ----------------------------------------------------------------------

==============================================================================


      Code (inc. data)   RO Data    RW Data    ZI Data      Debug   

     10072       4512        336         64      15664     342146   Grand Totals
     10072       4512        336         64      15664     342146   ELF Image Totals
     10072       4512        336         64          0          0   ROM Totals

==============================================================================

    Total RO  Size (Code + RO Data)                10408 (  10.16kB)
    Total RW  Size (RW Data + ZI Data)             15728 (  15.36kB)
    Total ROM Size (Code + RO Data + RW Data)      10472 (  10.23kB)

==============================================================================

